86.32.53.34 - - [24/Feb/2012:02:41:07 +0100] "GET /facebooktab/foto_faymann.jpg HTTP/1.1" 200 12543 "http://203606296379591.iframehost.com/330684?signed_request=YbIMx92ouiyB4OvbIJYouy3MCg5qD3Hg_ff1WEgCaBE.eyJhbGdvcml0aG0iOiJITUFDLVNIQTI1NiIsImFwcF9kYXRhIjoiZGx0IiwiaXNzdWVkX2F0IjoxMzMwMDQ3NTE4LCJwYWdlIjp7ImlkIjoiMjEwMDI0NDEyMzk2MzYyIiwibGlrZWQiOmZhbHNlLCJhZG1pbiI6ZmFsc2V9LCJ1c2VyIjp7ImNvdW50cnkiOiJhdCIsImxvY2FsZSI6ImRlX0RFIiwiYWdlIjp7Im1pbiI6MjF9fX0" "Mozilla/5.0 (Windows NT 5.1; rv:9.0.1) Gecko/20100101 Firefox/9.0.1"
86.32.53.34 - - [24/Feb/2012:02:41:07 +0100] "GET /facebooktab/menu_website.png HTTP/1.1" 200 5369 "http://203606296379591.iframehost.com/330684?signed_request=YbIMx92ouiyB4OvbIJYouy3MCg5qD3Hg_ff1WEgCaBE.eyJhbGdvcml0aG0iOiJITUFDLVNIQTI1NiIsImFwcF9kYXRhIjoiZGx0IiwiaXNzdWVkX2F0IjoxMzMwMDQ3NTE4LCJwYWdlIjp7ImlkIjoiMjEwMDI0NDEyMzk2MzYyIiwibGlrZWQiOmZhbHNlLCJhZG1pbiI6ZmFsc2V9LCJ1c2VyIjp7ImNvdW50cnkiOiJhdCIsImxvY2FsZSI6ImRlX0RFIiwiYWdlIjp7Im1pbiI6MjF9fX0" "Mozilla/5.0 (Windows NT 5.1; rv:9.0.1) Gecko/20100101 Firefox/9.0.1"
86.32.53.34 - - [24/Feb/2012:02:41:07 +0100] "GET /facebooktab/button_website.png HTTP/1.1" 200 2329 "http://203606296379591.iframehost.com/330684?signed_request=YbIMx92ouiyB4OvbIJYouy3MCg5qD3Hg_ff1WEgCaBE.eyJhbGdvcml0aG0iOiJITUFDLVNIQTI1NiIsImFwcF9kYXRhIjoiZGx0IiwiaXNzdWVkX2F0IjoxMzMwMDQ3NTE4LCJwYWdlIjp7ImlkIjoiMjEwMDI0NDEyMzk2MzYyIiwibGlrZWQiOmZhbHNlLCJhZG1pbiI6ZmFsc2V9LCJ1c2VyIjp7ImNvdW50cnkiOiJhdCIsImxvY2FsZSI6ImRlX0RFIiwiYWdlIjp7Im1pbiI6MjF9fX0" "Mozilla/5.0 (Windows NT 5.1; rv:9.0.1) Gecko/20100101 Firefox/9.0.1"
86.32.53.34 - - [24/Feb/2012:02:41:07 +0100] "GET /facebooktab/menu_app.png HTTP/1.1" 200 4567 "http://203606296379591.iframehost.com/330684?signed_request=YbIMx92ouiyB4OvbIJYouy3MCg5qD3Hg_ff1WEgCaBE.eyJhbGdvcml0aG0iOiJITUFDLVNIQTI1NiIsImFwcF9kYXRhIjoiZGx0IiwiaXNzdWVkX2F0IjoxMzMwMDQ3NTE4LCJwYWdlIjp7ImlkIjoiMjEwMDI0NDEyMzk2MzYyIiwibGlrZWQiOmZhbHNlLCJhZG1pbiI6ZmFsc2V9LCJ1c2VyIjp7ImNvdW50cnkiOiJhdCIsImxvY2FsZSI6ImRlX0RFIiwiYWdlIjp7Im1pbiI6MjF9fX0" "Mozilla/5.0 (Windows NT 5.1; rv:9.0.1) Gecko/20100101 Firefox/9.0.1"
86.32.53.34 - - [24/Feb/2012:02:41:07 +0100] "GET /facebooktab/app_qrcode.png HTTP/1.1" 200 1831 "http://203606296379591.iframehost.com/330684?signed_request=YbIMx92ouiyB4OvbIJYouy3MCg5qD3Hg_ff1WEgCaBE.eyJhbGdvcml0aG0iOiJITUFDLVNIQTI1NiIsImFwcF9kYXRhIjoiZGx0IiwiaXNzdWVkX2F0IjoxMzMwMDQ3NTE4LCJwYWdlIjp7ImlkIjoiMjEwMDI0NDEyMzk2MzYyIiwibGlrZWQiOmZhbHNlLCJhZG1pbiI6ZmFsc2V9LCJ1c2VyIjp7ImNvdW50cnkiOiJhdCIsImxvY2FsZSI6ImRlX0RFIiwiYWdlIjp7Im1pbiI6MjF9fX0" "Mozilla/5.0 (Windows NT 5.1; rv:9.0.1) Gecko/20100101 Firefox/9.0.1"
86.32.53.34 - - [24/Feb/2012:02:41:07 +0100] "GET /facebooktab/button_appstore.png HTTP/1.1" 200 1475 "http://203606296379591.iframehost.com/330684?signed_request=YbIMx92ouiyB4OvbIJYouy3MCg5qD3Hg_ff1WEgCaBE.eyJhbGdvcml0aG0iOiJITUFDLVNIQTI1NiIsImFwcF9kYXRhIjoiZGx0IiwiaXNzdWVkX2F0IjoxMzMwMDQ3NTE4LCJwYWdlIjp7ImlkIjoiMjEwMDI0NDEyMzk2MzYyIiwibGlrZWQiOmZhbHNlLCJhZG1pbiI6ZmFsc2V9LCJ1c2VyIjp7ImNvdW50cnkiOiJhdCIsImxvY2FsZSI6ImRlX0RFIiwiYWdlIjp7Im1pbiI6MjF9fX0" "Mozilla/5.0 (Windows NT 5.1; rv:9.0.1) Gecko/20100101 Firefox/9.0.1"
86.32.53.34 - - [24/Feb/2012:02:41:07 +0100] "GET /facebooktab/button_androidmarket.png HTTP/1.1" 200 1479 "http://203606296379591.iframehost.com/330684?signed_request=YbIMx92ouiyB4OvbIJYouy3MCg5qD3Hg_ff1WEgCaBE.eyJhbGdvcml0aG0iOiJITUFDLVNIQTI1NiIsImFwcF9kYXRhIjoiZGx0IiwiaXNzdWVkX2F0IjoxMzMwMDQ3NTE4LCJwYWdlIjp7ImlkIjoiMjEwMDI0NDEyMzk2MzYyIiwibGlrZWQiOmZhbHNlLCJhZG1pbiI6ZmFsc2V9LCJ1c2VyIjp7ImNvdW50cnkiOiJhdCIsImxvY2FsZSI6ImRlX0RFIiwiYWdlIjp7Im1pbiI6MjF9fX0" "Mozilla/5.0 (Windows NT 5.1; rv:9.0.1) Gecko/20100101 Firefox/9.0.1"
86.32.53.34 - - [24/Feb/2012:02:41:07 +0100] "GET /facebooktab/menu_rundgang.png HTTP/1.1" 200 5796 "http://203606296379591.iframehost.com/330684?signed_request=YbIMx92ouiyB4OvbIJYouy3MCg5qD3Hg_ff1WEgCaBE.eyJhbGdvcml0aG0iOiJITUFDLVNIQTI1NiIsImFwcF9kYXRhIjoiZGx0IiwiaXNzdWVkX2F0IjoxMzMwMDQ3NTE4LCJwYWdlIjp7ImlkIjoiMjEwMDI0NDEyMzk2MzYyIiwibGlrZWQiOmZhbHNlLCJhZG1pbiI6ZmFsc2V9LCJ1c2VyIjp7ImNvdW50cnkiOiJhdCIsImxvY2FsZSI6ImRlX0RFIiwiYWdlIjp7Im1pbiI6MjF9fX0" "Mozilla/5.0 (Windows NT 5.1; rv:9.0.1) Gecko/20100101 Firefox/9.0.1"
86.32.53.34 - - [24/Feb/2012:02:41:07 +0100] "GET /facebooktab/foto_rundgang.png HTTP/1.1" 200 16128 "http://203606296379591.iframehost.com/330684?signed_request=YbIMx92ouiyB4OvbIJYouy3MCg5qD3Hg_ff1WEgCaBE.eyJhbGdvcml0aG0iOiJITUFDLVNIQTI1NiIsImFwcF9kYXRhIjoiZGx0IiwiaXNzdWVkX2F0IjoxMzMwMDQ3NTE4LCJwYWdlIjp7ImlkIjoiMjEwMDI0NDEyMzk2MzYyIiwibGlrZWQiOmZhbHNlLCJhZG1pbiI6ZmFsc2V9LCJ1c2VyIjp7ImNvdW50cnkiOiJhdCIsImxvY2FsZSI6ImRlX0RFIiwiYWdlIjp7Im1pbiI6MjF9fX0" "Mozilla/5.0 (Windows NT 5.1; rv:9.0.1) Gecko/20100101 Firefox/9.0.1"
86.32.53.34 - - [24/Feb/2012:02:41:07 +0100] "GET /facebooktab/button_starten.png HTTP/1.1" 200 2112 "http://203606296379591.iframehost.com/330684?signed_request=YbIMx92ouiyB4OvbIJYouy3MCg5qD3Hg_ff1WEgCaBE.eyJhbGdvcml0aG0iOiJITUFDLVNIQTI1NiIsImFwcF9kYXRhIjoiZGx0IiwiaXNzdWVkX2F0IjoxMzMwMDQ3NTE4LCJwYWdlIjp7ImlkIjoiMjEwMDI0NDEyMzk2MzYyIiwibGlrZWQiOmZhbHNlLCJhZG1pbiI6ZmFsc2V9LCJ1c2VyIjp7ImNvdW50cnkiOiJhdCIsImxvY2FsZSI6ImRlX0RFIiwiYWdlIjp7Im1pbiI6MjF9fX0" "Mozilla/5.0 (Windows NT 5.1; rv:9.0.1) Gecko/20100101 Firefox/9.0.1"
86.32.53.34 - - [24/Feb/2012:02:41:07 +0100] "GET /facebooktab/button_fotos.png HTTP/1.1" 200 5160 "http://203606296379591.iframehost.com/330684?signed_request=YbIMx92ouiyB4OvbIJYouy3MCg5qD3Hg_ff1WEgCaBE.eyJhbGdvcml0aG0iOiJITUFDLVNIQTI1NiIsImFwcF9kYXRhIjoiZGx0IiwiaXNzdWVkX2F0IjoxMzMwMDQ3NTE4LCJwYWdlIjp7ImlkIjoiMjEwMDI0NDEyMzk2MzYyIiwibGlrZWQiOmZhbHNlLCJhZG1pbiI6ZmFsc2V9LCJ1c2VyIjp7ImNvdW50cnkiOiJhdCIsImxvY2FsZSI6ImRlX0RFIiwiYWdlIjp7Im1pbiI6MjF9fX0" "Mozilla/5.0 (Windows NT 5.1; rv:9.0.1) Gecko/20100101 Firefox/9.0.1"
86.32.53.34 - - [24/Feb/2012:02:41:07 +0100] "GET /facebooktab/button_quizz2.png HTTP/1.1" 200 22714 "http://203606296379591.iframehost.com/330684?signed_request=YbIMx92ouiyB4OvbIJYouy3MCg5qD3Hg_ff1WEgCaBE.eyJhbGdvcml0aG0iOiJITUFDLVNIQTI1NiIsImFwcF9kYXRhIjoiZGx0IiwiaXNzdWVkX2F0IjoxMzMwMDQ3NTE4LCJwYWdlIjp7ImlkIjoiMjEwMDI0NDEyMzk2MzYyIiwibGlrZWQiOmZhbHNlLCJhZG1pbiI6ZmFsc2V9LCJ1c2VyIjp7ImNvdW50cnkiOiJhdCIsImxvY2FsZSI6ImRlX0RFIiwiYWdlIjp7Im1pbiI6MjF9fX0" "Mozilla/5.0 (Windows NT 5.1; rv:9.0.1) Gecko/20100101 Firefox/9.0.1"
86.32.53.34 - - [24/Feb/2012:02:41:07 +0100] "GET /facebooktab/foto_app2.png HTTP/1.1" 200 17856 "http://203606296379591.iframehost.com/330684?signed_request=YbIMx92ouiyB4OvbIJYouy3MCg5qD3Hg_ff1WEgCaBE.eyJhbGdvcml0aG0iOiJITUFDLVNIQTI1NiIsImFwcF9kYXRhIjoiZGx0IiwiaXNzdWVkX2F0IjoxMzMwMDQ3NTE4LCJwYWdlIjp7ImlkIjoiMjEwMDI0NDEyMzk2MzYyIiwibGlrZWQiOmZhbHNlLCJhZG1pbiI6ZmFsc2V9LCJ1c2VyIjp7ImNvdW50cnkiOiJhdCIsImxvY2FsZSI6ImRlX0RFIiwiYWdlIjp7Im1pbiI6MjF9fX0" "Mozilla/5.0 (Windows NT 5.1; rv:9.0.1) Gecko/20100101 Firefox/9.0.1"
86.32.53.34 - - [24/Feb/2012:02:41:07 +0100] "GET /facebooktab/button_galerie.png HTTP/1.1" 200 2397 "http://203606296379591.iframehost.com/330684?signed_request=YbIMx92ouiyB4OvbIJYouy3MCg5qD3Hg_ff1WEgCaBE.eyJhbGdvcml0aG0iOiJITUFDLVNIQTI1NiIsImFwcF9kYXRhIjoiZGx0IiwiaXNzdWVkX2F0IjoxMzMwMDQ3NTE4LCJwYWdlIjp7ImlkIjoiMjEwMDI0NDEyMzk2MzYyIiwibGlrZWQiOmZhbHNlLCJhZG1pbiI6ZmFsc2V9LCJ1c2VyIjp7ImNvdW50cnkiOiJhdCIsImxvY2FsZSI6ImRlX0RFIiwiYWdlIjp7Im1pbiI6MjF9fX0" "Mozilla/5.0 (Windows NT 5.1; rv:9.0.1) Gecko/20100101 Firefox/9.0.1"
86.32.53.34 - - [24/Feb/2012:02:41:07 +0100] "GET /facebooktab/fotos-rest_22.png HTTP/1.1" 200 24532 "http://203606296379591.iframehost.com/330684?signed_request=YbIMx92ouiyB4OvbIJYouy3MCg5qD3Hg_ff1WEgCaBE.eyJhbGdvcml0aG0iOiJITUFDLVNIQTI1NiIsImFwcF9kYXRhIjoiZGx0IiwiaXNzdWVkX2F0IjoxMzMwMDQ3NTE4LCJwYWdlIjp7ImlkIjoiMjEwMDI0NDEyMzk2MzYyIiwibGlrZWQiOmZhbHNlLCJhZG1pbiI6ZmFsc2V9LCJ1c2VyIjp7ImNvdW50cnkiOiJhdCIsImxvY2FsZSI6ImRlX0RFIiwiYWdlIjp7Im1pbiI6MjF9fX0" "Mozilla/5.0 (Windows NT 5.1; rv:9.0.1) Gecko/20100101 Firefox/9.0.1"
86.32.53.34 - - [24/Feb/2012:02:41:07 +0100] "GET /facebooktab/fotos-rest_26.png HTTP/1.1" 200 18997 "http://203606296379591.iframehost.com/330684?signed_request=YbIMx92ouiyB4OvbIJYouy3MCg5qD3Hg_ff1WEgCaBE.eyJhbGdvcml0aG0iOiJITUFDLVNIQTI1NiIsImFwcF9kYXRhIjoiZGx0IiwiaXNzdWVkX2F0IjoxMzMwMDQ3NTE4LCJwYWdlIjp7ImlkIjoiMjEwMDI0NDEyMzk2MzYyIiwibGlrZWQiOmZhbHNlLCJhZG1pbiI6ZmFsc2V9LCJ1c2VyIjp7ImNvdW50cnkiOiJhdCIsImxvY2FsZSI6ImRlX0RFIiwiYWdlIjp7Im1pbiI6MjF9fX0" "Mozilla/5.0 (Windows NT 5.1; rv:9.0.1) Gecko/20100101 Firefox/9.0.1"
86.32.53.34 - - [24/Feb/2012:02:41:07 +0100] "GET /facebooktab/fotos-rest_24.png HTTP/1.1" 200 22094 "http://203606296379591.iframehost.com/330684?signed_request=YbIMx92ouiyB4OvbIJYouy3MCg5qD3Hg_ff1WEgCaBE.eyJhbGdvcml0aG0iOiJITUFDLVNIQTI1NiIsImFwcF9kYXRhIjoiZGx0IiwiaXNzdWVkX2F0IjoxMzMwMDQ3NTE4LCJwYWdlIjp7ImlkIjoiMjEwMDI0NDEyMzk2MzYyIiwibGlrZWQiOmZhbHNlLCJhZG1pbiI6ZmFsc2V9LCJ1c2VyIjp7ImNvdW50cnkiOiJhdCIsImxvY2FsZSI6ImRlX0RFIiwiYWdlIjp7Im1pbiI6MjF9fX0" "Mozilla/5.0 (Windows NT 5.1; rv:9.0.1) Gecko/20100101 Firefox/9.0.1"
86.32.53.34 - - [24/Feb/2012:02:41:07 +0100] "GET /facebooktab/bg_landing.jpg HTTP/1.1" 200 49280 "http://203606296379591.iframehost.com/330684?signed_request=YbIMx92ouiyB4OvbIJYouy3MCg5qD3Hg_ff1WEgCaBE.eyJhbGdvcml0aG0iOiJITUFDLVNIQTI1NiIsImFwcF9kYXRhIjoiZGx0IiwiaXNzdWVkX2F0IjoxMzMwMDQ3NTE4LCJwYWdlIjp7ImlkIjoiMjEwMDI0NDEyMzk2MzYyIiwibGlrZWQiOmZhbHNlLCJhZG1pbiI6ZmFsc2V9LCJ1c2VyIjp7ImNvdW50cnkiOiJhdCIsImxvY2FsZSI6ImRlX0RFIiwiYWdlIjp7Im1pbiI6MjF9fX0" "Mozilla/5.0 (Windows NT 5.1; rv:9.0.1) Gecko/20100101 Firefox/9.0.1"
66.249.72.244 - - [24/Feb/2012:02:56:17 +0100] "GET /DocView.axd?CobId=9887 HTTP/1.1" 404 1547 "-" "Mozilla/5.0 (compatible; Googlebot/2.1; +http://www.google.com/bot.html)"
184.72.48.40 - - [24/Feb/2012:03:00:05 +0100] "GET / HTTP/1.1" 200 4878 "-" "Mozilla/5.0 (X11; U; Linux i686; en-US; rv:1.9.1.7) Gecko/20091221 Firefox/3.5.7 (.NET CLR 3.5.30729)"
72.14.199.250 - - [24/Feb/2012:03:12:30 +0100] "GET /rss/articles.php HTTP/1.1" 200 6720 "-" "Feedfetcher-Google; (+http://www.google.com/feedfetcher.html; 3 subscribers; feed-id=13166160772161810092)"
190.37.229.4 - - [24/Feb/2012:03:18:40 +0100] "GET /facebooktab/foto_unterschrift.png HTTP/1.1" 200 12939 "http://203606296379591.iframehost.com/330684?signed_request=brBZ2aIDe2kxwz4iIaSE3PZbeoUtIPsT0SVsTvQqAO0.eyJhbGdvcml0aG0iOiJITUFDLVNIQTI1NiIsImFwcF9kYXRhIjoiZGx0IiwiaXNzdWVkX2F0IjoxMzMwMDQ5NzcwLCJwYWdlIjp7ImlkIjoiMjEwMDI0NDEyMzk2MzYyIiwibGlrZWQiOmZhbHNlLCJhZG1pbiI6ZmFsc2V9LCJ1c2VyIjp7ImNvdW50cnkiOiJ2ZSIsImxvY2FsZSI6ImRlX0RFIiwiYWdlIjp7Im1pbiI6MTgsIm1heCI6MjB9fX0" "Mozilla/5.0 (Windows NT 6.1; WOW64) AppleWebKit/535.11 (KHTML, like Gecko) Chrome/17.0.963.56 Safari/535.11"
190.37.229.4 - - [24/Feb/2012:03:18:40 +0100] "GET /facebooktab/foto_faymann.jpg HTTP/1.1" 200 12543 "http://203606296379591.iframehost.com/330684?signed_request=brBZ2aIDe2kxwz4iIaSE3PZbeoUtIPsT0SVsTvQqAO0.eyJhbGdvcml0aG0iOiJITUFDLVNIQTI1NiIsImFwcF9kYXRhIjoiZGx0IiwiaXNzdWVkX2F0IjoxMzMwMDQ5NzcwLCJwYWdlIjp7ImlkIjoiMjEwMDI0NDEyMzk2MzYyIiwibGlrZWQiOmZhbHNlLCJhZG1pbiI6ZmFsc2V9LCJ1c2VyIjp7ImNvdW50cnkiOiJ2ZSIsImxvY2FsZSI6ImRlX0RFIiwiYWdlIjp7Im1pbiI6MTgsIm1heCI6MjB9fX0" "Mozilla/5.0 (Windows NT 6.1; WOW64) AppleWebKit/535.11 (KHTML, like Gecko) Chrome/17.0.963.56 Safari/535.11"
190.37.229.4 - - [24/Feb/2012:03:18:40 +0100] "GET /facebooktab/menu_website.png HTTP/1.1" 200 5369 "http://203606296379591.iframehost.com/330684?signed_request=brBZ2aIDe2kxwz4iIaSE3PZbeoUtIPsT0SVsTvQqAO0.eyJhbGdvcml0aG0iOiJITUFDLVNIQTI1NiIsImFwcF9kYXRhIjoiZGx0IiwiaXNzdWVkX2F0IjoxMzMwMDQ5NzcwLCJwYWdlIjp7ImlkIjoiMjEwMDI0NDEyMzk2MzYyIiwibGlrZWQiOmZhbHNlLCJhZG1pbiI6ZmFsc2V9LCJ1c2VyIjp7ImNvdW50cnkiOiJ2ZSIsImxvY2FsZSI6ImRlX0RFIiwiYWdlIjp7Im1pbiI6MTgsIm1heCI6MjB9fX0" "Mozilla/5.0 (Windows NT 6.1; WOW64) AppleWebKit/535.11 (KHTML, like Gecko) Chrome/17.0.963.56 Safari/535.11"
190.37.229.4 - - [24/Feb/2012:03:18:40 +0100] "GET /facebooktab/button_website.png HTTP/1.1" 200 2329 "http://203606296379591.iframehost.com/330684?signed_request=brBZ2aIDe2kxwz4iIaSE3PZbeoUtIPsT0SVsTvQqAO0.eyJhbGdvcml0aG0iOiJITUFDLVNIQTI1NiIsImFwcF9kYXRhIjoiZGx0IiwiaXNzdWVkX2F0IjoxMzMwMDQ5NzcwLCJwYWdlIjp7ImlkIjoiMjEwMDI0NDEyMzk2MzYyIiwibGlrZWQiOmZhbHNlLCJhZG1pbiI6ZmFsc2V9LCJ1c2VyIjp7ImNvdW50cnkiOiJ2ZSIsImxvY2FsZSI6ImRlX0RFIiwiYWdlIjp7Im1pbiI6MTgsIm1heCI6MjB9fX0" "Mozilla/5.0 (Windows NT 6.1; WOW64) AppleWebKit/535.11 (KHTML, like Gecko) Chrome/17.0.963.56 Safari/535.11"
190.37.229.4 - - [24/Feb/2012:03:18:40 +0100] "GET /facebooktab/menu_app.png HTTP/1.1" 200 4567 "http://203606296379591.iframehost.com/330684?signed_request=brBZ2aIDe2kxwz4iIaSE3PZbeoUtIPsT0SVsTvQqAO0.eyJhbGdvcml0aG0iOiJITUFDLVNIQTI1NiIsImFwcF9kYXRhIjoiZGx0IiwiaXNzdWVkX2F0IjoxMzMwMDQ5NzcwLCJwYWdlIjp7ImlkIjoiMjEwMDI0NDEyMzk2MzYyIiwibGlrZWQiOmZhbHNlLCJhZG1pbiI6ZmFsc2V9LCJ1c2VyIjp7ImNvdW50cnkiOiJ2ZSIsImxvY2FsZSI6ImRlX0RFIiwiYWdlIjp7Im1pbiI6MTgsIm1heCI6MjB9fX0" "Mozilla/5.0 (Windows NT 6.1; WOW64) AppleWebKit/535.11 (KHTML, like Gecko) Chrome/17.0.963.56 Safari/535.11"
190.37.229.4 - - [24/Feb/2012:03:18:41 +0100] "GET /facebooktab/app_qrcode.png HTTP/1.1" 200 1831 "http://203606296379591.iframehost.com/330684?signed_request=brBZ2aIDe2kxwz4iIaSE3PZbeoUtIPsT0SVsTvQqAO0.eyJhbGdvcml0aG0iOiJITUFDLVNIQTI1NiIsImFwcF9kYXRhIjoiZGx0IiwiaXNzdWVkX2F0IjoxMzMwMDQ5NzcwLCJwYWdlIjp7ImlkIjoiMjEwMDI0NDEyMzk2MzYyIiwibGlrZWQiOmZhbHNlLCJhZG1pbiI6ZmFsc2V9LCJ1c2VyIjp7ImNvdW50cnkiOiJ2ZSIsImxvY2FsZSI6ImRlX0RFIiwiYWdlIjp7Im1pbiI6MTgsIm1heCI6MjB9fX0" "Mozilla/5.0 (Windows NT 6.1; WOW64) AppleWebKit/535.11 (KHTML, like Gecko) Chrome/17.0.963.56 Safari/535.11"
190.37.229.4 - - [24/Feb/2012:03:18:42 +0100] "GET /facebooktab/button_appstore.png HTTP/1.1" 200 1475 "http://203606296379591.iframehost.com/330684?signed_request=brBZ2aIDe2kxwz4iIaSE3PZbeoUtIPsT0SVsTvQqAO0.eyJhbGdvcml0aG0iOiJITUFDLVNIQTI1NiIsImFwcF9kYXRhIjoiZGx0IiwiaXNzdWVkX2F0IjoxMzMwMDQ5NzcwLCJwYWdlIjp7ImlkIjoiMjEwMDI0NDEyMzk2MzYyIiwibGlrZWQiOmZhbHNlLCJhZG1pbiI6ZmFsc2V9LCJ1c2VyIjp7ImNvdW50cnkiOiJ2ZSIsImxvY2FsZSI6ImRlX0RFIiwiYWdlIjp7Im1pbiI6MTgsIm1heCI6MjB9fX0" "Mozilla/5.0 (Windows NT 6.1; WOW64) AppleWebKit/535.11 (KHTML, like Gecko) Chrome/17.0.963.56 Safari/535.11"
190.37.229.4 - - [24/Feb/2012:03:18:42 +0100] "GET /facebooktab/button_androidmarket.png HTTP/1.1" 200 1479 "http://203606296379591.iframehost.com/330684?signed_request=brBZ2aIDe2kxwz4iIaSE3PZbeoUtIPsT0SVsTvQqAO0.eyJhbGdvcml0aG0iOiJITUFDLVNIQTI1NiIsImFwcF9kYXRhIjoiZGx0IiwiaXNzdWVkX2F0IjoxMzMwMDQ5NzcwLCJwYWdlIjp7ImlkIjoiMjEwMDI0NDEyMzk2MzYyIiwibGlrZWQiOmZhbHNlLCJhZG1pbiI6ZmFsc2V9LCJ1c2VyIjp7ImNvdW50cnkiOiJ2ZSIsImxvY2FsZSI6ImRlX0RFIiwiYWdlIjp7Im1pbiI6MTgsIm1heCI6MjB9fX0" "Mozilla/5.0 (Windows NT 6.1; WOW64) AppleWebKit/535.11 (KHTML, like Gecko) Chrome/17.0.963.56 Safari/535.11"
190.37.229.4 - - [24/Feb/2012:03:18:42 +0100] "GET /facebooktab/menu_rundgang.png HTTP/1.1" 200 5796 "http://203606296379591.iframehost.com/330684?signed_request=brBZ2aIDe2kxwz4iIaSE3PZbeoUtIPsT0SVsTvQqAO0.eyJhbGdvcml0aG0iOiJITUFDLVNIQTI1NiIsImFwcF9kYXRhIjoiZGx0IiwiaXNzdWVkX2F0IjoxMzMwMDQ5NzcwLCJwYWdlIjp7ImlkIjoiMjEwMDI0NDEyMzk2MzYyIiwibGlrZWQiOmZhbHNlLCJhZG1pbiI6ZmFsc2V9LCJ1c2VyIjp7ImNvdW50cnkiOiJ2ZSIsImxvY2FsZSI6ImRlX0RFIiwiYWdlIjp7Im1pbiI6MTgsIm1heCI6MjB9fX0" "Mozilla/5.0 (Windows NT 6.1; WOW64) AppleWebKit/535.11 (KHTML, like Gecko) Chrome/17.0.963.56 Safari/535.11"
190.37.229.4 - - [24/Feb/2012:03:18:42 +0100] "GET /facebooktab/foto_app2.png HTTP/1.1" 200 17855 "http://203606296379591.iframehost.com/330684?signed_request=brBZ2aIDe2kxwz4iIaSE3PZbeoUtIPsT0SVsTvQqAO0.eyJhbGdvcml0aG0iOiJITUFDLVNIQTI1NiIsImFwcF9kYXRhIjoiZGx0IiwiaXNzdWVkX2F0IjoxMzMwMDQ5NzcwLCJwYWdlIjp7ImlkIjoiMjEwMDI0NDEyMzk2MzYyIiwibGlrZWQiOmZhbHNlLCJhZG1pbiI6ZmFsc2V9LCJ1c2VyIjp7ImNvdW50cnkiOiJ2ZSIsImxvY2FsZSI6ImRlX0RFIiwiYWdlIjp7Im1pbiI6MTgsIm1heCI6MjB9fX0" "Mozilla/5.0 (Windows NT 6.1; WOW64) AppleWebKit/535.11 (KHTML, like Gecko) Chrome/17.0.963.56 Safari/535.11"
190.37.229.4 - - [24/Feb/2012:03:18:42 +0100] "GET /facebooktab/button_starten.png HTTP/1.1" 200 2112 "http://203606296379591.iframehost.com/330684?signed_request=brBZ2aIDe2kxwz4iIaSE3PZbeoUtIPsT0SVsTvQqAO0.eyJhbGdvcml0aG0iOiJITUFDLVNIQTI1NiIsImFwcF9kYXRhIjoiZGx0IiwiaXNzdWVkX2F0IjoxMzMwMDQ5NzcwLCJwYWdlIjp7ImlkIjoiMjEwMDI0NDEyMzk2MzYyIiwibGlrZWQiOmZhbHNlLCJhZG1pbiI6ZmFsc2V9LCJ1c2VyIjp7ImNvdW50cnkiOiJ2ZSIsImxvY2FsZSI6ImRlX0RFIiwiYWdlIjp7Im1pbiI6MTgsIm1heCI6MjB9fX0" "Mozilla/5.0 (Windows NT 6.1; WOW64) AppleWebKit/535.11 (KHTML, like Gecko) Chrome/17.0.963.56 Safari/535.11"
190.37.229.4 - - [24/Feb/2012:03:18:42 +0100] "GET /facebooktab/button_quizz2.png HTTP/1.1" 200 22714 "http://203606296379591.iframehost.com/330684?signed_request=brBZ2aIDe2kxwz4iIaSE3PZbeoUtIPsT0SVsTvQqAO0.eyJhbGdvcml0aG0iOiJITUFDLVNIQTI1NiIsImFwcF9kYXRhIjoiZGx0IiwiaXNzdWVkX2F0IjoxMzMwMDQ5NzcwLCJwYWdlIjp7ImlkIjoiMjEwMDI0NDEyMzk2MzYyIiwibGlrZWQiOmZhbHNlLCJhZG1pbiI6ZmFsc2V9LCJ1c2VyIjp7ImNvdW50cnkiOiJ2ZSIsImxvY2FsZSI6ImRlX0RFIiwiYWdlIjp7Im1pbiI6MTgsIm1heCI6MjB9fX0" "Mozilla/5.0 (Windows NT 6.1; WOW64) AppleWebKit/535.11 (KHTML, like Gecko) Chrome/17.0.963.56 Safari/535.11"
190.37.229.4 - - [24/Feb/2012:03:18:42 +0100] "GET /facebooktab/foto_rundgang.png HTTP/1.1" 200 16128 "http://203606296379591.iframehost.com/330684?signed_request=brBZ2aIDe2kxwz4iIaSE3PZbeoUtIPsT0SVsTvQqAO0.eyJhbGdvcml0aG0iOiJITUFDLVNIQTI1NiIsImFwcF9kYXRhIjoiZGx0IiwiaXNzdWVkX2F0IjoxMzMwMDQ5NzcwLCJwYWdlIjp7ImlkIjoiMjEwMDI0NDEyMzk2MzYyIiwibGlrZWQiOmZhbHNlLCJhZG1pbiI6ZmFsc2V9LCJ1c2VyIjp7ImNvdW50cnkiOiJ2ZSIsImxvY2FsZSI6ImRlX0RFIiwiYWdlIjp7Im1pbiI6MTgsIm1heCI6MjB9fX0" "Mozilla/5.0 (Windows NT 6.1; WOW64) AppleWebKit/535.11 (KHTML, like Gecko) Chrome/17.0.963.56 Safari/535.11"
190.37.229.4 - - [24/Feb/2012:03:18:43 +0100] "GET /facebooktab/button_fotos.png HTTP/1.1" 200 5160 "http://203606296379591.iframehost.com/330684?signed_request=brBZ2aIDe2kxwz4iIaSE3PZbeoUtIPsT0SVsTvQqAO0.eyJhbGdvcml0aG0iOiJITUFDLVNIQTI1NiIsImFwcF9kYXRhIjoiZGx0IiwiaXNzdWVkX2F0IjoxMzMwMDQ5NzcwLCJwYWdlIjp7ImlkIjoiMjEwMDI0NDEyMzk2MzYyIiwibGlrZWQiOmZhbHNlLCJhZG1pbiI6ZmFsc2V9LCJ1c2VyIjp7ImNvdW50cnkiOiJ2ZSIsImxvY2FsZSI6ImRlX0RFIiwiYWdlIjp7Im1pbiI6MTgsIm1heCI6MjB9fX0" "Mozilla/5.0 (Windows NT 6.1; WOW64) AppleWebKit/535.11 (KHTML, like Gecko) Chrome/17.0.963.56 Safari/535.11"
190.37.229.4 - - [24/Feb/2012:03:18:44 +0100] "GET /facebooktab/fotos-rest_22.png HTTP/1.1" 200 24532 "http://203606296379591.iframehost.com/330684?signed_request=brBZ2aIDe2kxwz4iIaSE3PZbeoUtIPsT0SVsTvQqAO0.eyJhbGdvcml0aG0iOiJITUFDLVNIQTI1NiIsImFwcF9kYXRhIjoiZGx0IiwiaXNzdWVkX2F0IjoxMzMwMDQ5NzcwLCJwYWdlIjp7ImlkIjoiMjEwMDI0NDEyMzk2MzYyIiwibGlrZWQiOmZhbHNlLCJhZG1pbiI6ZmFsc2V9LCJ1c2VyIjp7ImNvdW50cnkiOiJ2ZSIsImxvY2FsZSI6ImRlX0RFIiwiYWdlIjp7Im1pbiI6MTgsIm1heCI6MjB9fX0" "Mozilla/5.0 (Windows NT 6.1; WOW64) AppleWebKit/535.11 (KHTML, like Gecko) Chrome/17.0.963.56 Safari/535.11"
190.37.229.4 - - [24/Feb/2012:03:18:44 +0100] "GET /facebooktab/fotos-rest_24.png HTTP/1.1" 200 22094 "http://203606296379591.iframehost.com/330684?signed_request=brBZ2aIDe2kxwz4iIaSE3PZbeoUtIPsT0SVsTvQqAO0.eyJhbGdvcml0aG0iOiJITUFDLVNIQTI1NiIsImFwcF9kYXRhIjoiZGx0IiwiaXNzdWVkX2F0IjoxMzMwMDQ5NzcwLCJwYWdlIjp7ImlkIjoiMjEwMDI0NDEyMzk2MzYyIiwibGlrZWQiOmZhbHNlLCJhZG1pbiI6ZmFsc2V9LCJ1c2VyIjp7ImNvdW50cnkiOiJ2ZSIsImxvY2FsZSI6ImRlX0RFIiwiYWdlIjp7Im1pbiI6MTgsIm1heCI6MjB9fX0" "Mozilla/5.0 (Windows NT 6.1; WOW64) AppleWebKit/535.11 (KHTML, like Gecko) Chrome/17.0.963.56 Safari/535.11"
190.37.229.4 - - [24/Feb/2012:03:18:44 +0100] "GET /facebooktab/button_galerie.png HTTP/1.1" 200 2397 "http://203606296379591.iframehost.com/330684?signed_request=brBZ2aIDe2kxwz4iIaSE3PZbeoUtIPsT0SVsTvQqAO0.eyJhbGdvcml0aG0iOiJITUFDLVNIQTI1NiIsImFwcF9kYXRhIjoiZGx0IiwiaXNzdWVkX2F0IjoxMzMwMDQ5NzcwLCJwYWdlIjp7ImlkIjoiMjEwMDI0NDEyMzk2MzYyIiwibGlrZWQiOmZhbHNlLCJhZG1pbiI6ZmFsc2V9LCJ1c2VyIjp7ImNvdW50cnkiOiJ2ZSIsImxvY2FsZSI6ImRlX0RFIiwiYWdlIjp7Im1pbiI6MTgsIm1heCI6MjB9fX0" "Mozilla/5.0 (Windows NT 6.1; WOW64) AppleWebKit/535.11 (KHTML, like Gecko) Chrome/17.0.963.56 Safari/535.11"
190.37.229.4 - - [24/Feb/2012:03:18:44 +0100] "GET /facebooktab/fotos-rest_26.png HTTP/1.1" 200 18997 "http://203606296379591.iframehost.com/330684?signed_request=brBZ2aIDe2kxwz4iIaSE3PZbeoUtIPsT0SVsTvQqAO0.eyJhbGdvcml0aG0iOiJITUFDLVNIQTI1NiIsImFwcF9kYXRhIjoiZGx0IiwiaXNzdWVkX2F0IjoxMzMwMDQ5NzcwLCJwYWdlIjp7ImlkIjoiMjEwMDI0NDEyMzk2MzYyIiwibGlrZWQiOmZhbHNlLCJhZG1pbiI6ZmFsc2V9LCJ1c2VyIjp7ImNvdW50cnkiOiJ2ZSIsImxvY2FsZSI6ImRlX0RFIiwiYWdlIjp7Im1pbiI6MTgsIm1heCI6MjB9fX0" "Mozilla/5.0 (Windows NT 6.1; WOW64) AppleWebKit/535.11 (KHTML, like Gecko) Chrome/17.0.963.56 Safari/535.11"
190.37.229.4 - - [24/Feb/2012:03:18:40 +0100] "GET /facebooktab/bg_landing.jpg HTTP/1.1" 200 49281 "http://203606296379591.iframehost.com/330684?signed_request=brBZ2aIDe2kxwz4iIaSE3PZbeoUtIPsT0SVsTvQqAO0.eyJhbGdvcml0aG0iOiJITUFDLVNIQTI1NiIsImFwcF9kYXRhIjoiZGx0IiwiaXNzdWVkX2F0IjoxMzMwMDQ5NzcwLCJwYWdlIjp7ImlkIjoiMjEwMDI0NDEyMzk2MzYyIiwibGlrZWQiOmZhbHNlLCJhZG1pbiI6ZmFsc2V9LCJ1c2VyIjp7ImNvdW50cnkiOiJ2ZSIsImxvY2FsZSI6ImRlX0RFIiwiYWdlIjp7Im1pbiI6MTgsIm1heCI6MjB9fX0" "Mozilla/5.0 (Windows NT 6.1; WOW64) AppleWebKit/535.11 (KHTML, like Gecko) Chrome/17.0.963.56 Safari/535.11"
184.72.48.40 - - [24/Feb/2012:03:20:05 +0100] "GET / HTTP/1.1" 200 4878 "-" "Mozilla/5.0 (X11; U; Linux i686; en-US; rv:1.9.1.7) Gecko/20091221 Firefox/3.5.7 (.NET CLR 3.5.30729)"
83.169.13.46 - - [24/Feb/2012:03:24:01 +0100] "GET /w00tw00t.at.ISC.SANS.DFind:) HTTP/1.1" 400 513 "-" "-"
184.72.48.40 - - [24/Feb/2012:03:40:04 +0100] "GET / HTTP/1.1" 200 4878 "-" "Mozilla/5.0 (X11; U; Linux i686; en-US; rv:1.9.1.7) Gecko/20091221 Firefox/3.5.7 (.NET CLR 3.5.30729)"
50.17.68.184 - - [24/Feb/2012:03:44:00 +0100] "GET / HTTP/1.1" 200 4878 "-" "Mozilla/5.0 (Macintosh; U; Intel Mac OS X 10.6; en-US; rv:1.9.2) Gecko/20100115 Firefox/3.6 (FlipboardProxy/0.0.5; +http://flipboard.com/browserproxy)"
178.190.161.227 - - [24/Feb/2012:03:47:13 +0100] "GET /favicon.ico HTTP/1.1" 200 1447 "-" "Mozilla/5.0 (Windows NT 6.1; WOW64) AppleWebKit/535.11 (KHTML, like Gecko) Chrome/17.0.963.56 Safari/535.11"
66.249.72.244 - - [24/Feb/2012:03:48:45 +0100] "GET /DocView.axd?CobId=24776 HTTP/1.1" 404 1547 "-" "Mozilla/5.0 (compatible; Googlebot/2.1; +http://www.google.com/bot.html)"
208.115.113.83 - - [24/Feb/2012:03:58:47 +0100] "GET /robots.txt HTTP/1.1" 200 968 "-" "Mozilla/5.0 (compatible; Ezooms/1.0; ezooms.bot@gmail.com)"
184.72.48.40 - - [24/Feb/2012:04:00:04 +0100] "GET / HTTP/1.1" 200 4878 "-" "Mozilla/5.0 (X11; U; Linux i686; en-US; rv:1.9.1.7) Gecko/20091221 Firefox/3.5.7 (.NET CLR 3.5.30729)"
66.249.66.156 - - [24/Feb/2012:04:01:24 +0100] "GET /site/cob__29161/6106/default.aspx HTTP/1.1" 404 1547 "-" "Mozilla/5.0 (compatible; Googlebot/2.1; +http://www.google.com/bot.html)"
220.181.108.102 - - [24/Feb/2012:04:02:36 +0100] "GET /inhalt/bundeskanzler HTTP/1.1" 200 3634 "-" "Mozilla/5.0 (compatible; Baiduspider/2.0; +http://www.baidu.com/search/spider.html)"
72.14.199.250 - - [24/Feb/2012:04:06:01 +0100] "GET /rss/articles.php HTTP/1.1" 200 6720 "-" "Feedfetcher-Google; (+http://www.google.com/feedfetcher.html; 3 subscribers; feed-id=13166160772161810092)"
66.249.66.156 - - [24/Feb/2012:04:14:11 +0100] "GET /site/cob__36473/currentpage__0/6855/default.aspx HTTP/1.1" 404 1547 "-" "Mozilla/5.0 (compatible; Googlebot/2.1; +http://www.google.com/bot.html)"
46.4.100.231 - - [24/Feb/2012:04:15:34 +0100] "GET /robots.txt HTTP/1.1" 200 533 "-" "BacklinkCrawler (http://www.backlinktest.com/crawler.html)"
46.4.100.231 - - [24/Feb/2012:04:15:36 +0100] "GET /sitemap.xml HTTP/1.1" 404 1509 "-" "BacklinkCrawler (http://www.backlinktest.com/crawler.html)"
208.115.113.83 - - [24/Feb/2012:04:15:38 +0100] "GET /artikel/116/inhalt/artikel/159/Fragen_und_Antworten_zum_ORF HTTP/1.1" 200 18200 "-" "Mozilla/5.0 (compatible; Ezooms/1.0; ezooms.bot@gmail.com)"
46.4.100.231 - - [24/Feb/2012:04:15:38 +0100] "GET / HTTP/1.1" 200 4840 "-" "BacklinkCrawler (http://www.backlinktest.com/crawler.html)"
46.4.100.231 - - [24/Feb/2012:04:15:43 +0100] "GET /rss/articles.php HTTP/1.1" 200 6683 "-" "BacklinkCrawler (http://www.backlinktest.com/crawler.html)"
46.4.100.231 - - [24/Feb/2012:04:15:45 +0100] "GET /artikel/194/Das_Pensionskonto HTTP/1.1" 200 5723 "-" "BacklinkCrawler (http://www.backlinktest.com/crawler.html)"
46.4.100.231 - - [24/Feb/2012:04:15:48 +0100] "GET /artikel/196/2011_war_das_Europaeische_Jahr_der_Freiwilligentaetigkeit HTTP/1.1" 200 5739 "-" "BacklinkCrawler (http://www.backlinktest.com/crawler.html)"
208.115.113.83 - - [24/Feb/2012:04:15:48 +0100] "GET /artikel/116/inhalt/artikel/120/artikel/154/'Kein_Grund_zur_Aufgeregtheit' HTTP/1.1" 200 18380 "-" "Mozilla/5.0 (compatible; Ezooms/1.0; ezooms.bot@gmail.com)"
46.4.100.231 - - [24/Feb/2012:04:15:51 +0100] "GET /inhalt/appinfo HTTP/1.1" 200 4406 "-" "BacklinkCrawler (http://www.backlinktest.com/crawler.html)"
46.4.100.231 - - [24/Feb/2012:04:15:53 +0100] "GET /inhalt/hilfe HTTP/1.1" 200 4206 "-" "BacklinkCrawler (http://www.backlinktest.com/crawler.html)"
46.4.100.231 - - [24/Feb/2012:04:15:55 +0100] "GET /index.php HTTP/1.1" 200 4846 "-" "BacklinkCrawler (http://www.backlinktest.com/crawler.html)"
46.4.100.231 - - [24/Feb/2012:04:16:00 +0100] "GET /inhalt/geschichte HTTP/1.1" 200 3109 "-" "BacklinkCrawler (http://www.backlinktest.com/crawler.html)"
46.4.100.231 - - [24/Feb/2012:04:16:02 +0100] "GET /mediathek/1/gallery HTTP/1.1" 200 7221 "-" "BacklinkCrawler (http://www.backlinktest.com/crawler.html)"
46.4.100.231 - - [24/Feb/2012:04:16:04 +0100] "GET /inhalt/statements HTTP/1.1" 200 4135 "-" "BacklinkCrawler (http://www.backlinktest.com/crawler.html)"
46.4.100.231 - - [24/Feb/2012:04:16:06 +0100] "GET /inhalt/bundeskanzler HTTP/1.1" 200 3634 "-" "BacklinkCrawler (http://www.backlinktest.com/crawler.html)"
46.4.100.231 - - [24/Feb/2012:04:16:08 +0100] "GET /artikel/94/Europaeische_Buergerinitiative_(29.11.2011) HTTP/1.1" 200 4850 "-" "BacklinkCrawler (http://www.backlinktest.com/crawler.html)"
46.4.100.231 - - [24/Feb/2012:04:16:11 +0100] "GET /artikel/101/Drei_Jahre_Regierung_Faymann HTTP/1.1" 200 6952 "-" "BacklinkCrawler (http://www.backlinktest.com/crawler.html)"
46.4.100.231 - - [24/Feb/2012:04:16:14 +0100] "GET /inhalt/rundgang HTTP/1.1" 200 13168 "-" "BacklinkCrawler (http://www.backlinktest.com/crawler.html)"
46.4.100.231 - - [24/Feb/2012:04:16:16 +0100] "GET /mediathek/1/videos HTTP/1.1" 200 5092 "-" "BacklinkCrawler (http://www.backlinktest.com/crawler.html)"
208.115.113.83 - - [24/Feb/2012:04:16:16 +0100] "GET /artikel/118/inhalt/artikel/159/Fragen_und_Antworten_zum_ORF HTTP/1.1" 200 17052 "-" "Mozilla/5.0 (compatible; Ezooms/1.0; ezooms.bot@gmail.com)"
46.4.100.231 - - [24/Feb/2012:04:16:18 +0100] "GET /inhalt/impressum HTTP/1.1" 200 5966 "-" "BacklinkCrawler (http://www.backlinktest.com/crawler.html)"
46.4.100.231 - - [24/Feb/2012:04:16:20 +0100] "GET /artikel/92/Team_Bundeskanzler_zum_Social_Media HTTP/1.1" 200 8089 "-" "BacklinkCrawler (http://www.backlinktest.com/crawler.html)"
46.4.100.231 - - [24/Feb/2012:04:16:23 +0100] "GET /aktuelles HTTP/1.1" 200 3881 "-" "BacklinkCrawler (http://www.backlinktest.com/crawler.html)"
46.4.100.231 - - [24/Feb/2012:04:16:25 +0100] "GET /archiv/2011 HTTP/1.1" 200 6961 "-" "BacklinkCrawler (http://www.backlinktest.com/crawler.html)"
46.4.100.231 - - [24/Feb/2012:04:16:27 +0100] "GET /mediathek/1/bild-text HTTP/1.1" 200 7229 "-" "BacklinkCrawler (http://www.backlinktest.com/crawler.html)"
46.4.100.231 - - [24/Feb/2012:04:16:30 +0100] "GET /mediathek/2/gallery HTTP/1.1" 200 7759 "-" "BacklinkCrawler (http://www.backlinktest.com/crawler.html)"
46.4.100.231 - - [24/Feb/2012:04:16:32 +0100] "GET /mediathek/3/gallery HTTP/1.1" 200 8287 "-" "BacklinkCrawler (http://www.backlinktest.com/crawler.html)"
46.4.100.231 - - [24/Feb/2012:04:16:34 +0100] "GET /mediathek/4/gallery HTTP/1.1" 200 7261 "-" "BacklinkCrawler (http://www.backlinktest.com/crawler.html)"
46.4.100.231 - - [24/Feb/2012:04:16:37 +0100] "GET /mediatheksarchiv/2011 HTTP/1.1" 200 13958 "-" "BacklinkCrawler (http://www.backlinktest.com/crawler.html)"
46.4.100.231 - - [24/Feb/2012:04:16:39 +0100] "GET /artikel/179/Der_Fiskalpakt_-_Fragen_und_Antworten HTTP/1.1" 200 6982 "-" "BacklinkCrawler (http://www.backlinktest.com/crawler.html)"
46.4.100.231 - - [24/Feb/2012:04:16:42 +0100] "GET /artikel/34/Werner_Faymann_zum_Nationalfeiertag HTTP/1.1" 200 4905 "-" "BacklinkCrawler (http://www.backlinktest.com/crawler.html)"
46.4.100.231 - - [24/Feb/2012:04:16:44 +0100] "GET /artikel/21/2.0_am_Ballhausplatz_2 HTTP/1.1" 200 5748 "-" "BacklinkCrawler (http://www.backlinktest.com/crawler.html)"
208.115.113.83 - - [24/Feb/2012:04:16:45 +0100] "GET /artikel/116/artikel/118/artikel/120/inhalt/kontakt HTTP/1.1" 200 18110 "-" "Mozilla/5.0 (compatible; Ezooms/1.0; ezooms.bot@gmail.com)"
46.4.100.231 - - [24/Feb/2012:04:16:47 +0100] "GET /artikel/44/Die_lange_Nacht_in_Bruessel._Was_bedeutet_die_Hebelwirkung? HTTP/1.1" 200 5308 "-" "BacklinkCrawler (http://www.backlinktest.com/crawler.html)"
208.115.113.83 - - [24/Feb/2012:04:16:48 +0100] "GET /artikel/101/inhalt/artikel/118/inhalt/geschichte HTTP/1.1" 200 22137 "-" "Mozilla/5.0 (compatible; Ezooms/1.0; ezooms.bot@gmail.com)"
46.4.100.231 - - [24/Feb/2012:04:16:50 +0100] "GET /artikel/49/Sondersitzung_des_Nationalrates_zu_EU-Gipfel_ HTTP/1.1" 200 4883 "-" "BacklinkCrawler (http://www.backlinktest.com/crawler.html)"
46.4.100.231 - - [24/Feb/2012:04:16:52 +0100] "GET /artikel/54/40_Jahre_diplomatische_Beziehungen HTTP/1.1" 200 4853 "-" "BacklinkCrawler (http://www.backlinktest.com/crawler.html)"
208.115.113.83 - - [24/Feb/2012:04:16:52 +0100] "GET /artikel/106/inhalt/mediathek/1/inhalt/geschichte HTTP/1.1" 200 16589 "-" "Mozilla/5.0 (compatible; Ezooms/1.0; ezooms.bot@gmail.com)"
46.4.100.231 - - [24/Feb/2012:04:16:55 +0100] "GET /artikel/63/Bundeskanzler_fuer_Finanztransaktionssteuer_ab_2014_in_Eurozone HTTP/1.1" 200 4728 "-" "BacklinkCrawler (http://www.backlinktest.com/crawler.html)"
46.4.100.231 - - [24/Feb/2012:04:16:58 +0100] "GET /artikel/67/Schulden_senken_und_Finanzmaerkte_regulieren HTTP/1.1" 200 5053 "-" "BacklinkCrawler (http://www.backlinktest.com/crawler.html)"
208.115.113.83 - - [24/Feb/2012:04:17:00 +0100] "GET /artikel/116/mediathek/1/artikel/116/inhalt/rundgang HTTP/1.1" 200 18120 "-" "Mozilla/5.0 (compatible; Ezooms/1.0; ezooms.bot@gmail.com)"
46.4.100.231 - - [24/Feb/2012:04:17:00 +0100] "GET /artikel/71/Vision_einer_Welt_ohne_Armut HTTP/1.1" 200 5376 "-" "BacklinkCrawler (http://www.backlinktest.com/crawler.html)"
46.4.100.231 - - [24/Feb/2012:04:17:03 +0100] "GET /artikel/73/Bundeskanzler_eroeffnet_Kolping-Haus_ HTTP/1.1" 200 5068 "-" "BacklinkCrawler (http://www.backlinktest.com/crawler.html)"
46.4.100.231 - - [24/Feb/2012:04:17:05 +0100] "GET /artikel/77/Regierung_zieht_Schuldenbremse_-_Verfassungsgesetz_kommt HTTP/1.1" 200 5702 "-" "BacklinkCrawler (http://www.backlinktest.com/crawler.html)"
208.115.113.83 - - [24/Feb/2012:04:17:07 +0100] "GET /artikel/120/artikel/106/inhalt/artikel/159/Fragen_und_Antworten_zum_ORF HTTP/1.1" 200 17704 "-" "Mozilla/5.0 (compatible; Ezooms/1.0; ezooms.bot@gmail.com)"
46.4.100.231 - - [24/Feb/2012:04:17:08 +0100] "GET /artikel/82/Schlanke_Spitze_-_Unsere_Polizei_bekommt_neue_Fuehrungsstrukturen HTTP/1.1" 200 5259 "-" "BacklinkCrawler (http://www.backlinktest.com/crawler.html)"
46.4.100.231 - - [24/Feb/2012:04:17:11 +0100] "GET /artikel/83/Eroeffnungsrede_des_Bundeskanzlers_beim_8._Vienna_Economic_Forum_ HTTP/1.1" 200 5713 "-" "BacklinkCrawler (http://www.backlinktest.com/crawler.html)"
208.115.113.83 - - [24/Feb/2012:04:17:12 +0100] "GET /inhalt/mediathek/1/inhalt/rss/rss/articles.php HTTP/1.1" 200 8826 "-" "Mozilla/5.0 (compatible; Ezooms/1.0; ezooms.bot@gmail.com)"
46.4.100.231 - - [24/Feb/2012:04:17:14 +0100] "GET /artikel/87/EU-Beitritt_Kroatiens_2013 HTTP/1.1" 200 4741 "-" "BacklinkCrawler (http://www.backlinktest.com/crawler.html)"
208.115.113.83 - - [24/Feb/2012:04:17:13 +0100] "GET /artikel/106/archiv/rss/inhalt/hilfe HTTP/1.1" 200 16459 "-" "Mozilla/5.0 (compatible; Ezooms/1.0; ezooms.bot@gmail.com)"
46.4.100.231 - - [24/Feb/2012:04:17:16 +0100] "GET /artikel/88/ HTTP/1.1" 200 4794 "-" "BacklinkCrawler (http://www.backlinktest.com/crawler.html)"
208.115.113.83 - - [24/Feb/2012:04:17:16 +0100] "GET /artikel/120/archiv/artikel/129/index.php HTTP/1.1" 200 17394 "-" "Mozilla/5.0 (compatible; Ezooms/1.0; ezooms.bot@gmail.com)"
46.4.100.231 - - [24/Feb/2012:04:17:19 +0100] "GET /artikel/106/ HTTP/1.1" 200 4893 "-" "BacklinkCrawler (http://www.backlinktest.com/crawler.html)"
46.4.100.231 - - [24/Feb/2012:04:17:21 +0100] "GET /artikel/116/Ein_klares_Ja_zu_einem_gemeinsamen_Europa HTTP/1.1" 200 5547 "-" "BacklinkCrawler (http://www.backlinktest.com/crawler.html)"
46.4.100.231 - - [24/Feb/2012:04:17:24 +0100] "GET /artikel/118/Volksanwaltschaft_soll_Einhaltung_der_Menschenrechte_sicherstellen HTTP/1.1" 200 5101 "-" "BacklinkCrawler (http://www.backlinktest.com/crawler.html)"
46.4.100.231 - - [24/Feb/2012:04:17:27 +0100] "GET /artikel/120/Freiwilligengesetz_bringt_mehr_Unterstuetzung_fuer_ehrenamtliches_Engagement HTTP/1.1" 200 5227 "-" "BacklinkCrawler (http://www.backlinktest.com/crawler.html)"
46.4.100.231 - - [24/Feb/2012:04:17:29 +0100] "GET /artikel/129/Was_wird_neu_im_Jahr_2012? HTTP/1.1" 200 7233 "-" "BacklinkCrawler (http://www.backlinktest.com/crawler.html)"
46.4.100.231 - - [24/Feb/2012:04:17:32 +0100] "GET /mediathek/2/bild-text HTTP/1.1" 200 7773 "-" "BacklinkCrawler (http://www.backlinktest.com/crawler.html)"
46.4.100.231 - - [24/Feb/2012:04:17:34 +0100] "GET /mediathek/3/bild-text HTTP/1.1" 200 8300 "-" "BacklinkCrawler (http://www.backlinktest.com/crawler.html)"
208.115.113.83 - - [24/Feb/2012:04:17:35 +0100] "GET /artikel/116/inhalt/inhalt/artikel/116/index.php HTTP/1.1" 200 18080 "-" "Mozilla/5.0 (compatible; Ezooms/1.0; ezooms.bot@gmail.com)"
46.4.100.231 - - [24/Feb/2012:04:17:37 +0100] "GET /mediathek/4/bild-text HTTP/1.1" 200 7272 "-" "BacklinkCrawler (http://www.backlinktest.com/crawler.html)"
46.4.100.231 - - [24/Feb/2012:04:17:39 +0100] "GET /artikel/88/artikel/88/ HTTP/1.1" 200 4797 "-" "BacklinkCrawler (http://www.backlinktest.com/crawler.html)"
208.115.113.83 - - [24/Feb/2012:04:17:41 +0100] "GET /artikel/106/inhalt/inhalt/artikel/116/newsletteranmeldung HTTP/1.1" 200 16679 "-" "Mozilla/5.0 (compatible; Ezooms/1.0; ezooms.bot@gmail.com)"
46.4.100.231 - - [24/Feb/2012:04:17:42 +0100] "GET /artikel/88/inhalt/bundeskanzler HTTP/1.1" 200 4801 "-" "BacklinkCrawler (http://www.backlinktest.com/crawler.html)"
46.4.100.231 - - [24/Feb/2012:04:17:44 +0100] "GET /artikel/88/inhalt/statements HTTP/1.1" 200 4800 "-" "BacklinkCrawler (http://www.backlinktest.com/crawler.html)"
46.4.100.231 - - [24/Feb/2012:04:17:47 +0100] "GET /artikel/88/mediathek/1/gallery HTTP/1.1" 200 4801 "-" "BacklinkCrawler (http://www.backlinktest.com/crawler.html)"
46.4.100.231 - - [24/Feb/2012:04:17:50 +0100] "GET /artikel/88/inhalt/rundgang HTTP/1.1" 200 4799 "-" "BacklinkCrawler (http://www.backlinktest.com/crawler.html)"
46.4.100.231 - - [24/Feb/2012:04:17:52 +0100] "GET /artikel/88/inhalt/geschichte HTTP/1.1" 200 4801 "-" "BacklinkCrawler (http://www.backlinktest.com/crawler.html)"
46.4.100.231 - - [24/Feb/2012:04:17:55 +0100] "GET /artikel/88/index.php HTTP/1.1" 200 4799 "-" "BacklinkCrawler (http://www.backlinktest.com/crawler.html)"
46.4.100.231 - - [24/Feb/2012:04:17:58 +0100] "GET /artikel/88/inhalt/hilfe HTTP/1.1" 200 4798 "-" "BacklinkCrawler (http://www.backlinktest.com/crawler.html)"
46.4.100.231 - - [24/Feb/2012:04:18:00 +0100] "GET /artikel/88/inhalt/impressum HTTP/1.1" 200 4800 "-" "BacklinkCrawler (http://www.backlinktest.com/crawler.html)"
46.4.100.231 - - [24/Feb/2012:04:18:03 +0100] "GET /artikel/88/inhalt/appinfo HTTP/1.1" 200 4800 "-" "BacklinkCrawler (http://www.backlinktest.com/crawler.html)"
46.4.100.231 - - [24/Feb/2012:04:18:06 +0100] "GET /artikel/88/artikel/196/2011_war_das_Europaeische_Jahr_der_Freiwilligentaetigkeit HTTP/1.1" 200 4808 "-" "BacklinkCrawler (http://www.backlinktest.com/crawler.html)"
46.4.100.231 - - [24/Feb/2012:04:18:08 +0100] "GET /artikel/88/artikel/194/Das_Pensionskonto HTTP/1.1" 200 4804 "-" "BacklinkCrawler (http://www.backlinktest.com/crawler.html)"
46.4.100.231 - - [24/Feb/2012:04:18:11 +0100] "GET /artikel/88/rss/articles.php HTTP/1.1" 200 4798 "-" "BacklinkCrawler (http://www.backlinktest.com/crawler.html)"
46.4.100.231 - - [24/Feb/2012:04:18:13 +0100] "GET /artikel/88/archiv/2011 HTTP/1.1" 200 4800 "-" "BacklinkCrawler (http://www.backlinktest.com/crawler.html)"
46.4.100.231 - - [24/Feb/2012:04:18:16 +0100] "GET /artikel/106/artikel/106/ HTTP/1.1" 200 4897 "-" "BacklinkCrawler (http://www.backlinktest.com/crawler.html)"
46.4.100.231 - - [24/Feb/2012:04:18:18 +0100] "GET /artikel/106/inhalt/bundeskanzler HTTP/1.1" 200 4898 "-" "BacklinkCrawler (http://www.backlinktest.com/crawler.html)"
46.4.100.231 - - [24/Feb/2012:04:18:21 +0100] "GET /artikel/106/inhalt/statements HTTP/1.1" 200 4900 "-" "BacklinkCrawler (http://www.backlinktest.com/crawler.html)"
46.4.100.231 - - [24/Feb/2012:04:18:24 +0100] "GET /artikel/106/mediathek/1/gallery HTTP/1.1" 200 4900 "-" "BacklinkCrawler (http://www.backlinktest.com/crawler.html)"
46.4.100.231 - - [24/Feb/2012:04:18:26 +0100] "GET /artikel/106/inhalt/rundgang HTTP/1.1" 200 4900 "-" "BacklinkCrawler (http://www.backlinktest.com/crawler.html)"
46.4.100.231 - - [24/Feb/2012:04:18:29 +0100] "GET /artikel/106/inhalt/geschichte HTTP/1.1" 200 4900 "-" "BacklinkCrawler (http://www.backlinktest.com/crawler.html)"
46.4.100.231 - - [24/Feb/2012:04:18:32 +0100] "GET /artikel/106/index.php HTTP/1.1" 200 4900 "-" "BacklinkCrawler (http://www.backlinktest.com/crawler.html)"
46.4.100.231 - - [24/Feb/2012:04:18:35 +0100] "GET /artikel/106/inhalt/hilfe HTTP/1.1" 200 4898 "-" "BacklinkCrawler (http://www.backlinktest.com/crawler.html)"
46.4.100.231 - - [24/Feb/2012:04:18:37 +0100] "GET /artikel/106/inhalt/impressum HTTP/1.1" 200 4901 "-" "BacklinkCrawler (http://www.backlinktest.com/crawler.html)"
46.4.100.231 - - [24/Feb/2012:04:18:40 +0100] "GET /artikel/106/inhalt/appinfo HTTP/1.1" 200 4899 "-" "BacklinkCrawler (http://www.backlinktest.com/crawler.html)"
46.4.100.231 - - [24/Feb/2012:04:18:43 +0100] "GET /artikel/106/artikel/196/2011_war_das_Europaeische_Jahr_der_Freiwilligentaetigkeit HTTP/1.1" 200 4913 "-" "BacklinkCrawler (http://www.backlinktest.com/crawler.html)"
46.4.100.231 - - [24/Feb/2012:04:18:45 +0100] "GET /artikel/106/artikel/194/Das_Pensionskonto HTTP/1.1" 200 4905 "-" "BacklinkCrawler (http://www.backlinktest.com/crawler.html)"
46.4.100.231 - - [24/Feb/2012:04:18:48 +0100] "GET /artikel/106/rss/articles.php HTTP/1.1" 200 4898 "-" "BacklinkCrawler (http://www.backlinktest.com/crawler.html)"
46.4.100.231 - - [24/Feb/2012:04:18:51 +0100] "GET /artikel/106/archiv/2011 HTTP/1.1" 200 4901 "-" "BacklinkCrawler (http://www.backlinktest.com/crawler.html)"
46.4.100.231 - - [24/Feb/2012:04:18:54 +0100] "GET /artikel/88/artikel/88/artikel/88/artikel/88/ HTTP/1.1" 200 4802 "-" "BacklinkCrawler (http://www.backlinktest.com/crawler.html)"
46.4.100.231 - - [24/Feb/2012:04:18:56 +0100] "GET /artikel/88/artikel/88/inhalt/bundeskanzler HTTP/1.1" 200 4803 "-" "BacklinkCrawler (http://www.backlinktest.com/crawler.html)"
46.4.100.231 - - [24/Feb/2012:04:18:59 +0100] "GET /artikel/88/artikel/88/inhalt/statements HTTP/1.1" 200 4803 "-" "BacklinkCrawler (http://www.backlinktest.com/crawler.html)"
46.4.100.231 - - [24/Feb/2012:04:19:01 +0100] "GET /artikel/88/artikel/88/mediathek/1/gallery HTTP/1.1" 200 4803 "-" "BacklinkCrawler (http://www.backlinktest.com/crawler.html)"
46.4.100.231 - - [24/Feb/2012:04:19:04 +0100] "GET /artikel/88/artikel/88/inhalt/rundgang HTTP/1.1" 200 4803 "-" "BacklinkCrawler (http://www.backlinktest.com/crawler.html)"
46.4.100.231 - - [24/Feb/2012:04:19:07 +0100] "GET /artikel/88/artikel/88/inhalt/geschichte HTTP/1.1" 200 4804 "-" "BacklinkCrawler (http://www.backlinktest.com/crawler.html)"
46.4.100.231 - - [24/Feb/2012:04:19:10 +0100] "GET /artikel/88/artikel/88/index.php HTTP/1.1" 200 4802 "-" "BacklinkCrawler (http://www.backlinktest.com/crawler.html)"
46.4.100.231 - - [24/Feb/2012:04:19:12 +0100] "GET /artikel/88/artikel/88/inhalt/hilfe HTTP/1.1" 200 4801 "-" "BacklinkCrawler (http://www.backlinktest.com/crawler.html)"
46.4.100.231 - - [24/Feb/2012:04:19:15 +0100] "GET /artikel/88/artikel/88/inhalt/impressum HTTP/1.1" 200 4805 "-" "BacklinkCrawler (http://www.backlinktest.com/crawler.html)"
46.4.100.231 - - [24/Feb/2012:04:19:18 +0100] "GET /artikel/88/artikel/88/inhalt/appinfo HTTP/1.1" 200 4803 "-" "BacklinkCrawler (http://www.backlinktest.com/crawler.html)"
46.4.100.231 - - [24/Feb/2012:04:19:20 +0100] "GET /artikel/88/artikel/88/artikel/196/2011_war_das_Europaeische_Jahr_der_Freiwilligentaetigkeit HTTP/1.1" 200 4812 "-" "BacklinkCrawler (http://www.backlinktest.com/crawler.html)"
46.4.100.231 - - [24/Feb/2012:04:19:23 +0100] "GET /artikel/88/artikel/88/artikel/194/Das_Pensionskonto HTTP/1.1" 200 4807 "-" "BacklinkCrawler (http://www.backlinktest.com/crawler.html)"
46.4.100.231 - - [24/Feb/2012:04:19:26 +0100] "GET /artikel/88/artikel/88/rss/articles.php HTTP/1.1" 200 4802 "-" "BacklinkCrawler (http://www.backlinktest.com/crawler.html)"
46.4.100.231 - - [24/Feb/2012:04:19:28 +0100] "GET /artikel/88/artikel/88/archiv/2011 HTTP/1.1" 200 4805 "-" "BacklinkCrawler (http://www.backlinktest.com/crawler.html)"
46.4.100.231 - - [24/Feb/2012:04:19:31 +0100] "GET /artikel/106/artikel/106/artikel/106/artikel/106/ HTTP/1.1" 200 4903 "-" "BacklinkCrawler (http://www.backlinktest.com/crawler.html)"
46.4.100.231 - - [24/Feb/2012:04:19:33 +0100] "GET /artikel/106/artikel/106/inhalt/bundeskanzler HTTP/1.1" 200 4903 "-" "BacklinkCrawler (http://www.backlinktest.com/crawler.html)"
46.4.100.231 - - [24/Feb/2012:04:19:36 +0100] "GET /artikel/106/artikel/106/inhalt/statements HTTP/1.1" 200 4904 "-" "BacklinkCrawler (http://www.backlinktest.com/crawler.html)"
46.4.100.231 - - [24/Feb/2012:04:19:39 +0100] "GET /artikel/106/artikel/106/mediathek/1/gallery HTTP/1.1" 200 4905 "-" "BacklinkCrawler (http://www.backlinktest.com/crawler.html)"
46.4.100.231 - - [24/Feb/2012:04:19:42 +0100] "GET /artikel/106/artikel/106/inhalt/rundgang HTTP/1.1" 200 4906 "-" "BacklinkCrawler (http://www.backlinktest.com/crawler.html)"
46.4.100.231 - - [24/Feb/2012:04:19:44 +0100] "GET /artikel/106/artikel/106/inhalt/geschichte HTTP/1.1" 200 4905 "-" "BacklinkCrawler (http://www.backlinktest.com/crawler.html)"
46.4.100.231 - - [24/Feb/2012:04:19:47 +0100] "GET /artikel/106/artikel/106/index.php HTTP/1.1" 200 4903 "-" "BacklinkCrawler (http://www.backlinktest.com/crawler.html)"
46.4.100.231 - - [24/Feb/2012:04:19:49 +0100] "GET /artikel/106/artikel/106/inhalt/hilfe HTTP/1.1" 200 4901 "-" "BacklinkCrawler (http://www.backlinktest.com/crawler.html)"
46.4.100.231 - - [24/Feb/2012:04:19:52 +0100] "GET /artikel/106/artikel/106/inhalt/impressum HTTP/1.1" 200 4906 "-" "BacklinkCrawler (http://www.backlinktest.com/crawler.html)"
46.4.100.231 - - [24/Feb/2012:04:19:55 +0100] "GET /artikel/106/artikel/106/inhalt/appinfo HTTP/1.1" 200 4906 "-" "BacklinkCrawler (http://www.backlinktest.com/crawler.html)"
46.4.100.231 - - [24/Feb/2012:04:19:57 +0100] "GET /artikel/106/artikel/106/artikel/196/2011_war_das_Europaeische_Jahr_der_Freiwilligentaetigkeit HTTP/1.1" 200 4916 "-" "BacklinkCrawler (http://www.backlinktest.com/crawler.html)"
46.4.100.231 - - [24/Feb/2012:04:20:00 +0100] "GET /artikel/106/artikel/106/artikel/194/Das_Pensionskonto HTTP/1.1" 200 4906 "-" "BacklinkCrawler (http://www.backlinktest.com/crawler.html)"
46.4.100.231 - - [24/Feb/2012:04:20:03 +0100] "GET /artikel/106/artikel/106/rss/articles.php HTTP/1.1" 200 4903 "-" "BacklinkCrawler (http://www.backlinktest.com/crawler.html)"
46.4.100.231 - - [24/Feb/2012:04:20:05 +0100] "GET /artikel/106/artikel/106/archiv/2011 HTTP/1.1" 200 4904 "-" "BacklinkCrawler (http://www.backlinktest.com/crawler.html)"
46.4.100.231 - - [24/Feb/2012:04:20:08 +0100] "GET /artikel/88/artikel/88/artikel/88/artikel/88/artikel/88/artikel/88/artikel/88/artikel/88/ HTTP/1.1" 200 4808 "-" "BacklinkCrawler (http://www.backlinktest.com/crawler.html)"
184.72.48.40 - - [24/Feb/2012:04:20:05 +0100] "GET / HTTP/1.1" 200 4878 "-" "Mozilla/5.0 (X11; U; Linux i686; en-US; rv:1.9.1.7) Gecko/20091221 Firefox/3.5.7 (.NET CLR 3.5.30729)"
46.4.100.231 - - [24/Feb/2012:04:20:11 +0100] "GET /artikel/88/artikel/88/artikel/88/artikel/88/inhalt/bundeskanzler HTTP/1.1" 200 4807 "-" "BacklinkCrawler (http://www.backlinktest.com/crawler.html)"
46.4.100.231 - - [24/Feb/2012:04:20:13 +0100] "GET /artikel/88/artikel/88/artikel/88/artikel/88/inhalt/statements HTTP/1.1" 200 4807 "-" "BacklinkCrawler (http://www.backlinktest.com/crawler.html)"
46.4.100.231 - - [24/Feb/2012:04:20:16 +0100] "GET /artikel/88/artikel/88/artikel/88/artikel/88/mediathek/1/gallery HTTP/1.1" 200 4809 "-" "BacklinkCrawler (http://www.backlinktest.com/crawler.html)"
46.4.100.231 - - [24/Feb/2012:04:20:19 +0100] "GET /artikel/88/artikel/88/artikel/88/artikel/88/inhalt/rundgang HTTP/1.1" 200 4806 "-" "BacklinkCrawler (http://www.backlinktest.com/crawler.html)"
46.4.100.231 - - [24/Feb/2012:04:20:21 +0100] "GET /artikel/88/artikel/88/artikel/88/artikel/88/inhalt/geschichte HTTP/1.1" 200 4808 "-" "BacklinkCrawler (http://www.backlinktest.com/crawler.html)"
46.4.100.231 - - [24/Feb/2012:04:20:24 +0100] "GET /artikel/88/artikel/88/artikel/88/artikel/88/index.php HTTP/1.1" 200 4807 "-" "BacklinkCrawler (http://www.backlinktest.com/crawler.html)"
46.4.100.231 - - [24/Feb/2012:04:20:27 +0100] "GET /artikel/88/artikel/88/artikel/88/artikel/88/inhalt/hilfe HTTP/1.1" 200 4806 "-" "BacklinkCrawler (http://www.backlinktest.com/crawler.html)"
46.4.100.231 - - [24/Feb/2012:04:20:29 +0100] "GET /artikel/88/artikel/88/artikel/88/artikel/88/inhalt/impressum HTTP/1.1" 200 4808 "-" "BacklinkCrawler (http://www.backlinktest.com/crawler.html)"
46.4.100.231 - - [24/Feb/2012:04:20:32 +0100] "GET /artikel/88/artikel/88/artikel/88/artikel/88/inhalt/appinfo HTTP/1.1" 200 4808 "-" "BacklinkCrawler (http://www.backlinktest.com/crawler.html)"
46.4.100.231 - - [24/Feb/2012:04:20:35 +0100] "GET /artikel/88/artikel/88/artikel/88/artikel/88/artikel/196/2011_war_das_Europaeische_Jahr_der_Freiwilligentaetigkeit HTTP/1.1" 200 4817 "-" "BacklinkCrawler (http://www.backlinktest.com/crawler.html)"
46.4.100.231 - - [24/Feb/2012:04:20:37 +0100] "GET /artikel/88/artikel/88/artikel/88/artikel/88/artikel/194/Das_Pensionskonto HTTP/1.1" 200 4812 "-" "BacklinkCrawler (http://www.backlinktest.com/crawler.html)"
46.4.100.231 - - [24/Feb/2012:04:20:40 +0100] "GET /artikel/88/artikel/88/artikel/88/artikel/88/rss/articles.php HTTP/1.1" 200 4806 "-" "BacklinkCrawler (http://www.backlinktest.com/crawler.html)"
46.4.100.231 - - [24/Feb/2012:04:20:43 +0100] "GET /artikel/88/artikel/88/artikel/88/artikel/88/archiv/2011 HTTP/1.1" 200 4811 "-" "BacklinkCrawler (http://www.backlinktest.com/crawler.html)"
46.4.100.231 - - [24/Feb/2012:04:20:45 +0100] "GET /artikel/106/artikel/106/artikel/106/artikel/106/artikel/106/artikel/106/artikel/106/artikel/106/ HTTP/1.1" 200 4914 "-" "BacklinkCrawler (http://www.backlinktest.com/crawler.html)"
46.4.100.231 - - [24/Feb/2012:04:20:48 +0100] "GET /artikel/106/artikel/106/artikel/106/artikel/106/inhalt/bundeskanzler HTTP/1.1" 200 4906 "-" "BacklinkCrawler (http://www.backlinktest.com/crawler.html)"
46.4.100.231 - - [24/Feb/2012:04:20:51 +0100] "GET /artikel/106/artikel/106/artikel/106/artikel/106/inhalt/statements HTTP/1.1" 200 4910 "-" "BacklinkCrawler (http://www.backlinktest.com/crawler.html)"
46.4.100.231 - - [24/Feb/2012:04:20:53 +0100] "GET /artikel/106/artikel/106/artikel/106/artikel/106/mediathek/1/gallery HTTP/1.1" 200 4907 "-" "BacklinkCrawler (http://www.backlinktest.com/crawler.html)"
46.4.100.231 - - [24/Feb/2012:04:20:56 +0100] "GET /artikel/106/artikel/106/artikel/106/artikel/106/inhalt/rundgang HTTP/1.1" 200 4908 "-" "BacklinkCrawler (http://www.backlinktest.com/crawler.html)"
46.4.100.231 - - [24/Feb/2012:04:20:59 +0100] "GET /artikel/106/artikel/106/artikel/106/artikel/106/inhalt/geschichte HTTP/1.1" 200 4909 "-" "BacklinkCrawler (http://www.backlinktest.com/crawler.html)"
46.4.100.231 - - [24/Feb/2012:04:21:01 +0100] "GET /artikel/106/artikel/106/artikel/106/artikel/106/index.php HTTP/1.1" 200 4908 "-" "BacklinkCrawler (http://www.backlinktest.com/crawler.html)"
46.4.100.231 - - [24/Feb/2012:04:21:04 +0100] "GET /artikel/106/artikel/106/artikel/106/artikel/106/inhalt/hilfe HTTP/1.1" 200 4907 "-" "BacklinkCrawler (http://www.backlinktest.com/crawler.html)"
46.4.100.231 - - [24/Feb/2012:04:21:07 +0100] "GET /artikel/106/artikel/106/artikel/106/artikel/106/inhalt/impressum HTTP/1.1" 200 4909 "-" "BacklinkCrawler (http://www.backlinktest.com/crawler.html)"
46.4.100.231 - - [24/Feb/2012:04:21:09 +0100] "GET /artikel/106/artikel/106/artikel/106/artikel/106/inhalt/appinfo HTTP/1.1" 200 4909 "-" "BacklinkCrawler (http://www.backlinktest.com/crawler.html)"
46.4.100.231 - - [24/Feb/2012:04:21:12 +0100] "GET /artikel/106/artikel/106/artikel/106/artikel/106/artikel/196/2011_war_das_Europaeische_Jahr_der_Freiwilligentaetigkeit HTTP/1.1" 200 4920 "-" "BacklinkCrawler (http://www.backlinktest.com/crawler.html)"
46.4.100.231 - - [24/Feb/2012:04:21:14 +0100] "GET /artikel/106/artikel/106/artikel/106/artikel/106/artikel/194/Das_Pensionskonto HTTP/1.1" 200 4913 "-" "BacklinkCrawler (http://www.backlinktest.com/crawler.html)"
46.4.100.231 - - [24/Feb/2012:04:21:17 +0100] "GET /artikel/106/artikel/106/artikel/106/artikel/106/rss/articles.php HTTP/1.1" 200 4907 "-" "BacklinkCrawler (http://www.backlinktest.com/crawler.html)"
46.4.100.231 - - [24/Feb/2012:04:21:20 +0100] "GET /artikel/106/artikel/106/artikel/106/artikel/106/archiv/2011 HTTP/1.1" 200 4910 "-" "BacklinkCrawler (http://www.backlinktest.com/crawler.html)"
