46.4.100.231 - - [24/Feb/2012:04:21:22 +0100] "GET /artikel/88/artikel/88/artikel/88/artikel/88/artikel/88/artikel/88/artikel/88/artikel/88/artikel/88/artikel/88/artikel/88/artikel/88/artikel/88/artikel/88/artikel/88/artikel/88/ HTTP/1.1" 200 4824 "-" "BacklinkCrawler (http://www.backlinktest.com/crawler.html)"
46.4.100.231 - - [24/Feb/2012:04:21:25 +0100] "GET /artikel/88/artikel/88/artikel/88/artikel/88/artikel/88/artikel/88/artikel/88/artikel/88/inhalt/bundeskanzler HTTP/1.1" 200 4813 "-" "BacklinkCrawler (http://www.backlinktest.com/crawler.html)"
46.4.100.231 - - [24/Feb/2012:04:21:28 +0100] "GET /artikel/88/artikel/88/artikel/88/artikel/88/artikel/88/artikel/88/artikel/88/artikel/88/inhalt/statements HTTP/1.1" 200 4813 "-" "BacklinkCrawler (http://www.backlinktest.com/crawler.html)"
46.4.100.231 - - [24/Feb/2012:04:21:31 +0100] "GET /artikel/88/artikel/88/artikel/88/artikel/88/artikel/88/artikel/88/artikel/88/artikel/88/mediathek/1/gallery HTTP/1.1" 200 4814 "-" "BacklinkCrawler (http://www.backlinktest.com/crawler.html)"
46.4.100.231 - - [24/Feb/2012:04:21:33 +0100] "GET /artikel/88/artikel/88/artikel/88/artikel/88/artikel/88/artikel/88/artikel/88/artikel/88/inhalt/rundgang HTTP/1.1" 200 4815 "-" "BacklinkCrawler (http://www.backlinktest.com/crawler.html)"
46.4.100.231 - - [24/Feb/2012:04:21:36 +0100] "GET /artikel/88/artikel/88/artikel/88/artikel/88/artikel/88/artikel/88/artikel/88/artikel/88/inhalt/geschichte HTTP/1.1" 200 4816 "-" "BacklinkCrawler (http://www.backlinktest.com/crawler.html)"
46.4.100.231 - - [24/Feb/2012:04:21:39 +0100] "GET /artikel/88/artikel/88/artikel/88/artikel/88/artikel/88/artikel/88/artikel/88/artikel/88/index.php HTTP/1.1" 200 4814 "-" "BacklinkCrawler (http://www.backlinktest.com/crawler.html)"
46.4.100.231 - - [24/Feb/2012:04:21:41 +0100] "GET /artikel/88/artikel/88/artikel/88/artikel/88/artikel/88/artikel/88/artikel/88/artikel/88/inhalt/hilfe HTTP/1.1" 200 4811 "-" "BacklinkCrawler (http://www.backlinktest.com/crawler.html)"
46.4.100.231 - - [24/Feb/2012:04:21:44 +0100] "GET /artikel/88/artikel/88/artikel/88/artikel/88/artikel/88/artikel/88/artikel/88/artikel/88/inhalt/impressum HTTP/1.1" 200 4815 "-" "BacklinkCrawler (http://www.backlinktest.com/crawler.html)"
46.4.100.231 - - [24/Feb/2012:04:21:46 +0100] "GET /artikel/88/artikel/88/artikel/88/artikel/88/artikel/88/artikel/88/artikel/88/artikel/88/inhalt/appinfo HTTP/1.1" 200 4816 "-" "BacklinkCrawler (http://www.backlinktest.com/crawler.html)"
46.4.100.231 - - [24/Feb/2012:04:21:49 +0100] "GET /artikel/88/artikel/88/artikel/88/artikel/88/artikel/88/artikel/88/artikel/88/artikel/88/artikel/196/2011_war_das_Europaeische_Jahr_der_Freiwilligentaetigkeit HTTP/1.1" 200 4825 "-" "BacklinkCrawler (http://www.backlinktest.com/crawler.html)"
46.4.100.231 - - [24/Feb/2012:04:21:52 +0100] "GET /artikel/88/artikel/88/artikel/88/artikel/88/artikel/88/artikel/88/artikel/88/artikel/88/artikel/194/Das_Pensionskonto HTTP/1.1" 200 4817 "-" "BacklinkCrawler (http://www.backlinktest.com/crawler.html)"
46.4.100.231 - - [24/Feb/2012:04:21:54 +0100] "GET /artikel/88/artikel/88/artikel/88/artikel/88/artikel/88/artikel/88/artikel/88/artikel/88/rss/articles.php HTTP/1.1" 200 4812 "-" "BacklinkCrawler (http://www.backlinktest.com/crawler.html)"
46.4.100.231 - - [24/Feb/2012:04:21:57 +0100] "GET /artikel/88/artikel/88/artikel/88/artikel/88/artikel/88/artikel/88/artikel/88/artikel/88/archiv/2011 HTTP/1.1" 200 4817 "-" "BacklinkCrawler (http://www.backlinktest.com/crawler.html)"
66.249.66.156 - - [24/Feb/2012:04:26:58 +0100] "GET /site/cob__34661/currentpage__7/6589/default.aspx HTTP/1.1" 404 1547 "-" "Mozilla/5.0 (compatible; Googlebot/2.1; +http://www.google.com/bot.html)"
193.189.143.166 - - [24/Feb/2012:04:27:43 +0100] "GET /rss/articles.php HTTP/1.1" 200 6682 "-" "Netvibes (http://www.netvibes.com/; 1 subscribers; feedID: 16568549)"
66.249.66.156 - - [24/Feb/2012:04:39:30 +0100] "GET /robots.txt HTTP/1.1" 200 571 "-" "Mozilla/5.0 (compatible; Googlebot/2.1; +http://www.google.com/bot.html)"
66.249.72.244 - - [24/Feb/2012:04:39:30 +0100] "GET /site/cob__31014/currentpage__5/5910/default.aspx HTTP/1.1" 404 1547 "-" "Mozilla/5.0 (compatible; Googlebot/2.1; +http://www.google.com/bot.html)"
184.72.48.40 - - [24/Feb/2012:04:40:04 +0100] "GET / HTTP/1.1" 200 4878 "-" "Mozilla/5.0 (X11; U; Linux i686; en-US; rv:1.9.1.7) Gecko/20091221 Firefox/3.5.7 (.NET CLR 3.5.30729)"
220.181.51.105 - - [24/Feb/2012:04:40:54 +0100] "GET / HTTP/1.1" 200 4840 "-" "Mozilla/5.0 (Windows NT 5.1; rv:6.0.2) Gecko/20100101 Firefox/6.0.2"
220.181.108.80 - - [24/Feb/2012:04:43:39 +0100] "GET /robots.txt HTTP/1.1" 302 521 "-" "Baiduspider+(+http://www.baidu.com/search/spider.htm)"
208.115.113.83 - - [24/Feb/2012:04:51:10 +0100] "GET /site/3906/inhalt/inhalt/index.php HTTP/1.1" 200 15015 "-" "Mozilla/5.0 (compatible; Ezooms/1.0; ezooms.bot@gmail.com)"
208.115.113.83 - - [24/Feb/2012:04:51:24 +0100] "GET /site/4185/artikel/101/artikel/118/Volksanwaltschaft_soll_Einhaltung_der_Menschenrechte_sicherstellen HTTP/1.1" 200 15819 "-" "Mozilla/5.0 (compatible; Ezooms/1.0; ezooms.bot@gmail.com)"
208.115.113.83 - - [24/Feb/2012:04:51:44 +0100] "GET /site/4192/default.aspx HTTP/1.1" 200 14883 "-" "Mozilla/5.0 (compatible; Ezooms/1.0; ezooms.bot@gmail.com)"
208.115.113.83 - - [24/Feb/2012:04:52:00 +0100] "GET /site/4269/artikel/92/rss/articles.php HTTP/1.1" 200 15063 "-" "Mozilla/5.0 (compatible; Ezooms/1.0; ezooms.bot@gmail.com)"
208.115.113.83 - - [24/Feb/2012:04:52:16 +0100] "GET /site/4299/artikel/106/newsletteranmeldung HTTP/1.1" 200 15111 "-" "Mozilla/5.0 (compatible; Ezooms/1.0; ezooms.bot@gmail.com)"
208.115.113.83 - - [24/Feb/2012:04:52:31 +0100] "GET /site/4302/artikel/101/aktuelles HTTP/1.1" 200 14991 "-" "Mozilla/5.0 (compatible; Ezooms/1.0; ezooms.bot@gmail.com)"
208.115.113.83 - - [24/Feb/2012:04:52:43 +0100] "GET /site/4544/inhalt/inhalt/appinfo HTTP/1.1" 200 14991 "-" "Mozilla/5.0 (compatible; Ezooms/1.0; ezooms.bot@gmail.com)"
208.115.113.83 - - [24/Feb/2012:04:52:56 +0100] "GET /site/4738/inhalt/rss/articles.php HTTP/1.1" 200 15015 "-" "Mozilla/5.0 (compatible; Ezooms/1.0; ezooms.bot@gmail.com)"
208.115.113.83 - - [24/Feb/2012:04:53:08 +0100] "GET /site/4739/artikel/101/inhalt/appinfo HTTP/1.1" 200 15051 "-" "Mozilla/5.0 (compatible; Ezooms/1.0; ezooms.bot@gmail.com)"
208.115.113.83 - - [24/Feb/2012:04:53:22 +0100] "GET /site/5102/artikel/101/Drei_Jahre_Regierung_Faymann HTTP/1.1" 200 15219 "-" "Mozilla/5.0 (compatible; Ezooms/1.0; ezooms.bot@gmail.com)"
208.115.113.83 - - [24/Feb/2012:04:53:37 +0100] "GET /site/5137/artikel/92/artikel/106/ HTTP/1.1" 200 15015 "-" "Mozilla/5.0 (compatible; Ezooms/1.0; ezooms.bot@gmail.com)"
208.115.113.83 - - [24/Feb/2012:04:53:51 +0100] "GET /site/5139/inhalt/geschichte HTTP/1.1" 200 14943 "-" "Mozilla/5.0 (compatible; Ezooms/1.0; ezooms.bot@gmail.com)"
208.115.113.83 - - [24/Feb/2012:04:54:06 +0100] "GET /site/5139/inhalt/inhalt/geschichte HTTP/1.1" 200 15027 "-" "Mozilla/5.0 (compatible; Ezooms/1.0; ezooms.bot@gmail.com)"
208.115.113.83 - - [24/Feb/2012:04:54:16 +0100] "GET /site/5149/inhalt/artikel/106/ HTTP/1.1" 200 14967 "-" "Mozilla/5.0 (compatible; Ezooms/1.0; ezooms.bot@gmail.com)"
208.115.113.83 - - [24/Feb/2012:04:54:30 +0100] "GET /site/5261/inhalt/inhalt/rundgang HTTP/1.1" 200 15003 "-" "Mozilla/5.0 (compatible; Ezooms/1.0; ezooms.bot@gmail.com)"
208.115.113.83 - - [24/Feb/2012:04:54:51 +0100] "GET /site/5283/kontakt HTTP/1.1" 200 14823 "-" "Mozilla/5.0 (compatible; Ezooms/1.0; ezooms.bot@gmail.com)"
208.115.113.83 - - [24/Feb/2012:04:55:02 +0100] "GET /site/5289/rss/articles.php HTTP/1.1" 200 14931 "-" "Mozilla/5.0 (compatible; Ezooms/1.0; ezooms.bot@gmail.com)"
208.115.113.83 - - [24/Feb/2012:04:55:16 +0100] "GET /site/5294/inhalt/impressum HTTP/1.1" 200 14931 "-" "Mozilla/5.0 (compatible; Ezooms/1.0; ezooms.bot@gmail.com)"
208.115.113.83 - - [24/Feb/2012:04:55:30 +0100] "GET /site/5467/inhalt/appinfo HTTP/1.1" 200 14907 "-" "Mozilla/5.0 (compatible; Ezooms/1.0; ezooms.bot@gmail.com)"
208.115.113.83 - - [24/Feb/2012:04:55:44 +0100] "GET /site/5469/inhalt/statements HTTP/1.1" 200 14943 "-" "Mozilla/5.0 (compatible; Ezooms/1.0; ezooms.bot@gmail.com)"
208.115.113.83 - - [24/Feb/2012:04:56:01 +0100] "GET /site/5474/inhalt/rundgang HTTP/1.1" 200 14919 "-" "Mozilla/5.0 (compatible; Ezooms/1.0; ezooms.bot@gmail.com)"
208.115.113.83 - - [24/Feb/2012:04:56:14 +0100] "GET /site/5555/artikel/92/Team_Bundeskanzler_zum_Social_Media HTTP/1.1" 200 15291 "-" "Mozilla/5.0 (compatible; Ezooms/1.0; ezooms.bot@gmail.com)"
208.115.113.83 - - [24/Feb/2012:04:56:27 +0100] "GET /site/5555/index.php HTTP/1.1" 200 14847 "-" "Mozilla/5.0 (compatible; Ezooms/1.0; ezooms.bot@gmail.com)"
208.115.113.83 - - [24/Feb/2012:04:56:49 +0100] "GET /site/5555/inhalt/bundeskanzler HTTP/1.1" 200 14979 "-" "Mozilla/5.0 (compatible; Ezooms/1.0; ezooms.bot@gmail.com)"
208.115.113.83 - - [24/Feb/2012:04:57:05 +0100] "GET /site/5568/mediathek/1/artikel/116/Ein_klares_Ja_zu_einem_gemeinsamen_Europa HTTP/1.1" 200 15519 "-" "Mozilla/5.0 (compatible; Ezooms/1.0; ezooms.bot@gmail.com)"
208.115.113.83 - - [24/Feb/2012:04:57:17 +0100] "GET /site/5573/artikel/101/index.php HTTP/1.1" 200 14991 "-" "Mozilla/5.0 (compatible; Ezooms/1.0; ezooms.bot@gmail.com)"
208.115.113.83 - - [24/Feb/2012:04:57:33 +0100] "GET /site/5601/rss/inhalt/impressum HTTP/1.1" 200 14979 "-" "Mozilla/5.0 (compatible; Ezooms/1.0; ezooms.bot@gmail.com)"
208.115.113.83 - - [24/Feb/2012:04:57:49 +0100] "GET /site/5623/inhalt/inhalt/rundgang HTTP/1.1" 200 15003 "-" "Mozilla/5.0 (compatible; Ezooms/1.0; ezooms.bot@gmail.com)"
208.115.113.83 - - [24/Feb/2012:04:58:01 +0100] "GET /site/5730/inhalt/rss/articles.php HTTP/1.1" 200 15015 "-" "Mozilla/5.0 (compatible; Ezooms/1.0; ezooms.bot@gmail.com)"
208.115.113.83 - - [24/Feb/2012:04:58:18 +0100] "GET /site/5748/artikel/92/inhalt/statements HTTP/1.1" 200 15075 "-" "Mozilla/5.0 (compatible; Ezooms/1.0; ezooms.bot@gmail.com)"
208.115.113.83 - - [24/Feb/2012:04:58:34 +0100] "GET /site/5748/kontakt HTTP/1.1" 200 14823 "-" "Mozilla/5.0 (compatible; Ezooms/1.0; ezooms.bot@gmail.com)"
208.115.113.83 - - [24/Feb/2012:04:58:49 +0100] "GET /DocView.axd?CobId=36357 HTTP/1.1" 404 4438 "-" "Mozilla/5.0 (compatible; Ezooms/1.0; ezooms.bot@gmail.com)"
208.115.113.83 - - [24/Feb/2012:04:58:51 +0100] "GET /inhalt/mediathek/1/inhalt/geschichte HTTP/1.1" 200 8706 "-" "Mozilla/5.0 (compatible; Ezooms/1.0; ezooms.bot@gmail.com)"
208.115.113.83 - - [24/Feb/2012:04:58:50 +0100] "GET /artikel/83/Eroeffnungsrede_des_Bundeskanzlers_beim_8._Vienna_Economic_Forum_ HTTP/1.1" 200 18728 "-" "Mozilla/5.0 (compatible; Ezooms/1.0; ezooms.bot@gmail.com)"
208.115.113.83 - - [24/Feb/2012:04:58:50 +0100] "GET /artikel/83/artikel/106/ HTTP/1.1" 200 18198 "-" "Mozilla/5.0 (compatible; Ezooms/1.0; ezooms.bot@gmail.com)"
208.115.113.83 - - [24/Feb/2012:04:58:53 +0100] "GET /site/3358/inhalt/kontakt HTTP/1.1" 200 14907 "-" "Mozilla/5.0 (compatible; Ezooms/1.0; ezooms.bot@gmail.com)"
208.115.113.83 - - [24/Feb/2012:04:58:54 +0100] "GET /site/3377/artikel/101/artikel/116/Ein_klares_Ja_zu_einem_gemeinsamen_Europa HTTP/1.1" 200 15519 "-" "Mozilla/5.0 (compatible; Ezooms/1.0; ezooms.bot@gmail.com)"
208.115.113.83 - - [24/Feb/2012:04:58:55 +0100] "GET /site/3452/inhalt/hilfe HTTP/1.1" 200 14883 "-" "Mozilla/5.0 (compatible; Ezooms/1.0; ezooms.bot@gmail.com)"
208.115.113.83 - - [24/Feb/2012:04:59:12 +0100] "GET /site/3464/rss/kontakt HTTP/1.1" 200 14871 "-" "Mozilla/5.0 (compatible; Ezooms/1.0; ezooms.bot@gmail.com)"
208.115.113.83 - - [24/Feb/2012:04:59:24 +0100] "GET /site/3477/inhalt/impressum HTTP/1.1" 200 14931 "-" "Mozilla/5.0 (compatible; Ezooms/1.0; ezooms.bot@gmail.com)"
208.115.113.83 - - [24/Feb/2012:04:59:40 +0100] "GET /site/3478/artikel/106/inhalt/hilfe HTTP/1.1" 200 15027 "-" "Mozilla/5.0 (compatible; Ezooms/1.0; ezooms.bot@gmail.com)"
208.115.113.83 - - [24/Feb/2012:04:59:54 +0100] "GET /site/3478/mediathek/1/rss/articles.php HTTP/1.1" 200 15075 "-" "Mozilla/5.0 (compatible; Ezooms/1.0; ezooms.bot@gmail.com)"
184.72.48.40 - - [24/Feb/2012:05:00:05 +0100] "GET / HTTP/1.1" 200 4878 "-" "Mozilla/5.0 (X11; U; Linux i686; en-US; rv:1.9.1.7) Gecko/20091221 Firefox/3.5.7 (.NET CLR 3.5.30729)"
208.115.113.83 - - [24/Feb/2012:05:00:09 +0100] "GET /site/3539/artikel/106/ HTTP/1.1" 200 14883 "-" "Mozilla/5.0 (compatible; Ezooms/1.0; ezooms.bot@gmail.com)"
208.115.113.83 - - [24/Feb/2012:05:00:22 +0100] "GET /site/3539/inhalt/rundgang HTTP/1.1" 200 14919 "-" "Mozilla/5.0 (compatible; Ezooms/1.0; ezooms.bot@gmail.com)"
208.115.113.83 - - [24/Feb/2012:05:00:36 +0100] "GET /site/3570/inhalt/inhalt/geschichte HTTP/1.1" 200 15027 "-" "Mozilla/5.0 (compatible; Ezooms/1.0; ezooms.bot@gmail.com)"
208.115.113.83 - - [24/Feb/2012:05:00:50 +0100] "GET /site/3878/inhalt/mediathek/1/gallery HTTP/1.1" 200 15051 "-" "Mozilla/5.0 (compatible; Ezooms/1.0; ezooms.bot@gmail.com)"
208.115.113.83 - - [24/Feb/2012:05:01:06 +0100] "GET /site/3879/artikel/106/inhalt/geschichte HTTP/1.1" 200 15087 "-" "Mozilla/5.0 (compatible; Ezooms/1.0; ezooms.bot@gmail.com)"
208.115.113.83 - - [24/Feb/2012:05:01:21 +0100] "GET /site/3879/inhalt/index.php HTTP/1.1" 200 14931 "-" "Mozilla/5.0 (compatible; Ezooms/1.0; ezooms.bot@gmail.com)"
208.115.113.83 - - [24/Feb/2012:05:01:37 +0100] "GET /site/3879/inhalt/inhalt/index.php HTTP/1.1" 200 15015 "-" "Mozilla/5.0 (compatible; Ezooms/1.0; ezooms.bot@gmail.com)"
208.115.113.83 - - [24/Feb/2012:05:01:53 +0100] "GET /site/3879/inhalt/inhalt/statements HTTP/1.1" 200 15027 "-" "Mozilla/5.0 (compatible; Ezooms/1.0; ezooms.bot@gmail.com)"
208.115.113.83 - - [24/Feb/2012:05:02:05 +0100] "GET /site/5812/inhalt/appinfo HTTP/1.1" 200 14907 "-" "Mozilla/5.0 (compatible; Ezooms/1.0; ezooms.bot@gmail.com)"
208.115.113.83 - - [24/Feb/2012:05:02:18 +0100] "GET /site/5826/inhalt/inhalt/hilfe HTTP/1.1" 200 14967 "-" "Mozilla/5.0 (compatible; Ezooms/1.0; ezooms.bot@gmail.com)"
208.115.113.83 - - [24/Feb/2012:05:02:30 +0100] "GET /site/5886/inhalt/inhalt/appinfo HTTP/1.1" 200 14991 "-" "Mozilla/5.0 (compatible; Ezooms/1.0; ezooms.bot@gmail.com)"
208.115.113.83 - - [24/Feb/2012:05:02:41 +0100] "GET /site/5888/artikel/118/mediathek/1/gallery HTTP/1.1" 200 15111 "-" "Mozilla/5.0 (compatible; Ezooms/1.0; ezooms.bot@gmail.com)"
208.115.113.83 - - [24/Feb/2012:05:02:57 +0100] "GET /site/5897/mediathek/1/inhalt/hilfe HTTP/1.1" 200 15027 "-" "Mozilla/5.0 (compatible; Ezooms/1.0; ezooms.bot@gmail.com)"
208.115.113.83 - - [24/Feb/2012:05:03:10 +0100] "GET /site/5917/artikel/92/inhalt/appinfo HTTP/1.1" 200 15039 "-" "Mozilla/5.0 (compatible; Ezooms/1.0; ezooms.bot@gmail.com)"
208.115.113.83 - - [24/Feb/2012:05:03:21 +0100] "GET /site/6096/inhalt/rundgang HTTP/1.1" 200 14919 "-" "Mozilla/5.0 (compatible; Ezooms/1.0; ezooms.bot@gmail.com)"
208.115.113.83 - - [24/Feb/2012:05:03:33 +0100] "GET /site/6100/rss/articles.php HTTP/1.1" 200 14931 "-" "Mozilla/5.0 (compatible; Ezooms/1.0; ezooms.bot@gmail.com)"
208.115.113.83 - - [24/Feb/2012:05:03:46 +0100] "GET /site/6362/inhalt/geschichte HTTP/1.1" 200 14943 "-" "Mozilla/5.0 (compatible; Ezooms/1.0; ezooms.bot@gmail.com)"
208.115.113.83 - - [24/Feb/2012:05:03:59 +0100] "GET /site/6471/index.php HTTP/1.1" 200 14847 "-" "Mozilla/5.0 (compatible; Ezooms/1.0; ezooms.bot@gmail.com)"
208.115.113.83 - - [24/Feb/2012:05:04:12 +0100] "GET /site/6522/default.aspx HTTP/1.1" 200 14883 "-" "Mozilla/5.0 (compatible; Ezooms/1.0; ezooms.bot@gmail.com)"
208.115.113.83 - - [24/Feb/2012:05:04:27 +0100] "GET /site/6538/artikel/106/ HTTP/1.1" 200 14883 "-" "Mozilla/5.0 (compatible; Ezooms/1.0; ezooms.bot@gmail.com)"
208.115.113.83 - - [24/Feb/2012:05:04:44 +0100] "GET /site/6559/inhalt/appinfo HTTP/1.1" 200 14907 "-" "Mozilla/5.0 (compatible; Ezooms/1.0; ezooms.bot@gmail.com)"
66.249.66.156 - - [24/Feb/2012:05:04:55 +0100] "GET /site/cob__31020/currentpage__5/5910/default.aspx HTTP/1.1" 404 1547 "-" "Mozilla/5.0 (compatible; Googlebot/2.1; +http://www.google.com/bot.html)"
208.115.113.83 - - [24/Feb/2012:05:04:58 +0100] "GET /site/6594/artikel/116/Ein_klares_Ja_zu_einem_gemeinsamen_Europa HTTP/1.1" 200 15375 "-" "Mozilla/5.0 (compatible; Ezooms/1.0; ezooms.bot@gmail.com)"
208.115.113.83 - - [24/Feb/2012:05:05:10 +0100] "GET /site/6682/artikel/106/ HTTP/1.1" 200 14883 "-" "Mozilla/5.0 (compatible; Ezooms/1.0; ezooms.bot@gmail.com)"
208.115.111.67 - - [24/Feb/2012:05:08:38 +0100] "GET /robots.txt HTTP/1.1" 200 968 "-" "Mozilla/5.0 (compatible; Ezooms/1.0; ezooms.bot@gmail.com)"
72.14.199.250 - - [24/Feb/2012:05:13:11 +0100] "GET /rss/articles.php HTTP/1.1" 200 6721 "-" "Feedfetcher-Google; (+http://www.google.com/feedfetcher.html; 3 subscribers; feed-id=13166160772161810092)"
184.72.48.40 - - [24/Feb/2012:05:20:05 +0100] "GET / HTTP/1.1" 200 4878 "-" "Mozilla/5.0 (X11; U; Linux i686; en-US; rv:1.9.1.7) Gecko/20091221 Firefox/3.5.7 (.NET CLR 3.5.30729)"
208.115.111.67 - - [24/Feb/2012:05:25:14 +0100] "GET /artikel/120/artikel/147/kontakt HTTP/1.1" 200 17304 "-" "Mozilla/5.0 (compatible; Ezooms/1.0; ezooms.bot@gmail.com)"
208.115.111.67 - - [24/Feb/2012:05:25:21 +0100] "GET /artikel/118/inhalt/inhalt/artikel/154/'Kein_Grund_zur_Aufgeregtheit' HTTP/1.1" 200 17182 "-" "Mozilla/5.0 (compatible; Ezooms/1.0; ezooms.bot@gmail.com)"
208.115.111.67 - - [24/Feb/2012:05:25:47 +0100] "GET /artikel/147/inhalt/inhalt/impressum HTTP/1.1" 200 19371 "-" "Mozilla/5.0 (compatible; Ezooms/1.0; ezooms.bot@gmail.com)"
208.115.111.67 - - [24/Feb/2012:05:25:50 +0100] "GET /artikel/116/archiv/inhalt/inhalt/artikel/162/Die_neue_Oberstufe HTTP/1.1" 200 18240 "-" "Mozilla/5.0 (compatible; Ezooms/1.0; ezooms.bot@gmail.com)"
208.115.111.67 - - [24/Feb/2012:05:25:53 +0100] "GET /artikel/116/mediathek/1/artikel/118/artikel/162/Die_neue_Oberstufe HTTP/1.1" 200 18270 "-" "Mozilla/5.0 (compatible; Ezooms/1.0; ezooms.bot@gmail.com)"
208.115.111.67 - - [24/Feb/2012:05:25:57 +0100] "GET /inhalt/inhalt/inhalt/mediathek/1/mediathek/1/inhalt/statements HTTP/1.1" 200 9018 "-" "Mozilla/5.0 (compatible; Ezooms/1.0; ezooms.bot@gmail.com)"
208.115.111.67 - - [24/Feb/2012:05:26:02 +0100] "GET /artikel/120/artikel/118/artikel/120/rss/articles.php HTTP/1.1" 200 17514 "-" "Mozilla/5.0 (compatible; Ezooms/1.0; ezooms.bot@gmail.com)"
208.115.111.67 - - [24/Feb/2012:05:26:05 +0100] "GET /artikel/116/rss/rss/inhalt/newsletteranmeldung HTTP/1.1" 200 18070 "-" "Mozilla/5.0 (compatible; Ezooms/1.0; ezooms.bot@gmail.com)"
208.115.111.67 - - [24/Feb/2012:05:26:08 +0100] "GET /artikel/120/artikel/116/rss/aktuelles HTTP/1.1" 200 17364 "-" "Mozilla/5.0 (compatible; Ezooms/1.0; ezooms.bot@gmail.com)"
208.115.111.67 - - [24/Feb/2012:05:26:11 +0100] "GET /artikel/92/inhalt/kontakt HTTP/1.1" 200 25978 "-" "Mozilla/5.0 (compatible; Ezooms/1.0; ezooms.bot@gmail.com)"
208.115.111.67 - - [24/Feb/2012:05:26:13 +0100] "GET /artikel/106/inhalt/artikel/116/artikel/159/Fragen_und_Antworten_zum_ORF HTTP/1.1" 200 16819 "-" "Mozilla/5.0 (compatible; Ezooms/1.0; ezooms.bot@gmail.com)"
208.115.111.67 - - [24/Feb/2012:05:26:14 +0100] "GET /artikel/120/inhalt/artikel/120/inhalt/rss/articles.php HTTP/1.1" 200 17534 "-" "Mozilla/5.0 (compatible; Ezooms/1.0; ezooms.bot@gmail.com)"
208.115.111.67 - - [24/Feb/2012:05:26:17 +0100] "GET /artikel/120/archiv/artikel/129/archiv/1.2012 HTTP/1.1" 200 17434 "-" "Mozilla/5.0 (compatible; Ezooms/1.0; ezooms.bot@gmail.com)"
208.115.111.67 - - [24/Feb/2012:05:26:20 +0100] "GET /artikel/116/artikel/106/artikel/120/artikel/166/Sprache_als_Schluessel_zur_Bildung HTTP/1.1" 200 18430 "-" "Mozilla/5.0 (compatible; Ezooms/1.0; ezooms.bot@gmail.com)"
208.115.111.67 - - [24/Feb/2012:05:26:22 +0100] "GET /artikel/116/inhalt/inhalt/inhalt/inhalt/inhalt/statements HTTP/1.1" 200 18180 "-" "Mozilla/5.0 (compatible; Ezooms/1.0; ezooms.bot@gmail.com)"
208.115.111.67 - - [24/Feb/2012:05:26:26 +0100] "GET /artikel/106/inhalt/inhalt/artikel/120/kontakt HTTP/1.1" 200 16559 "-" "Mozilla/5.0 (compatible; Ezooms/1.0; ezooms.bot@gmail.com)"
208.115.111.67 - - [24/Feb/2012:05:26:37 +0100] "GET /artikel/120/artikel/118/artikel/129/inhalt/hilfe HTTP/1.1" 200 17474 "-" "Mozilla/5.0 (compatible; Ezooms/1.0; ezooms.bot@gmail.com)"
87.229.24.138 - - [24/Feb/2012:05:26:45 +0100] "GET /w00tw00t.at.ISC.SANS.DFind:) HTTP/1.1" 400 513 "-" "-"
208.115.111.67 - - [24/Feb/2012:05:26:47 +0100] "GET /artikel/101/inhalt/artikel/120/inhalt/kontakt HTTP/1.1" 200 22107 "-" "Mozilla/5.0 (compatible; Ezooms/1.0; ezooms.bot@gmail.com)"
208.115.111.67 - - [24/Feb/2012:05:26:50 +0100] "GET /artikel/120/archiv/inhalt/rss/newsletteranmeldung HTTP/1.1" 200 17484 "-" "Mozilla/5.0 (compatible; Ezooms/1.0; ezooms.bot@gmail.com)"
66.249.72.244 - - [24/Feb/2012:05:30:24 +0100] "GET /site/cob__34362/currentpage__8/6589/default.aspx HTTP/1.1" 404 1547 "-" "Mozilla/5.0 (compatible; Googlebot/2.1; +http://www.google.com/bot.html)"
77.21.146.71 - - [24/Feb/2012:05:31:46 +0100] "GET /inhalt/appinfo HTTP/1.1" 200 14381 "-" "findlinks/2.0.2 (+http://wortschatz.uni-leipzig.de/findlinks/)"
81.217.167.71 - - [24/Feb/2012:05:37:25 +0100] "GET /facebooktab/netiquette_footer.png HTTP/1.1" 200 10619 "-" "Mozilla/5.0 (Windows NT 6.1; WOW64; rv:10.0.2) Gecko/20100101 Firefox/10.0.2"
81.217.167.71 - - [24/Feb/2012:05:37:25 +0100] "GET /facebooktab/netiquette_content_htgrd.png HTTP/1.1" 200 1379 "-" "Mozilla/5.0 (Windows NT 6.1; WOW64; rv:10.0.2) Gecko/20100101 Firefox/10.0.2"
81.217.167.71 - - [24/Feb/2012:05:37:25 +0100] "GET /facebooktab/team_header.png HTTP/1.1" 200 13795 "-" "Mozilla/5.0 (Windows NT 6.1; WOW64; rv:10.0.2) Gecko/20100101 Firefox/10.0.2"
81.217.167.71 - - [24/Feb/2012:05:37:25 +0100] "GET /facebooktab/teamkanzler_small.png HTTP/1.1" 200 104678 "-" "Mozilla/5.0 (Windows NT 6.1; WOW64; rv:10.0.2) Gecko/20100101 Firefox/10.0.2"
46.165.197.141 - - [24/Feb/2012:05:39:48 +0100] "GET /robots.txt HTTP/1.0" 200 987 "-" "Mozilla/5.0 (compatible; MJ12bot/v1.4.2; http://www.majestic12.co.uk/bot.php?+)"
46.165.197.141 - - [24/Feb/2012:05:39:50 +0100] "GET / HTTP/1.0" 200 4840 "-" "Mozilla/5.0 (compatible; MJ12bot/v1.4.2; http://www.majestic12.co.uk/bot.php?+)"
184.72.48.40 - - [24/Feb/2012:05:40:05 +0100] "GET / HTTP/1.1" 200 4878 "-" "Mozilla/5.0 (X11; U; Linux i686; en-US; rv:1.9.1.7) Gecko/20091221 Firefox/3.5.7 (.NET CLR 3.5.30729)"
66.249.66.156 - - [24/Feb/2012:05:43:02 +0100] "GET /site/cob__34810/currentpage__6/6589/default.aspx HTTP/1.1" 404 1547 "-" "Mozilla/5.0 (compatible; Googlebot/2.1; +http://www.google.com/bot.html)"
220.181.108.161 - - [24/Feb/2012:05:45:48 +0100] "GET / HTTP/1.1" 200 4840 "-" "Mozilla/5.0 (compatible; Baiduspider/2.0; +http://www.baidu.com/search/spider.html)"
199.87.252.24 - - [24/Feb/2012:05:52:33 +0100] "GET /robots.txt HTTP/1.1" 200 533 "-" "Mozilla/5.0 (compatible; ScoutJet; +http://www.scoutjet.com/)"
199.87.252.24 - - [24/Feb/2012:05:55:39 +0100] "GET / HTTP/1.1" 200 4840 "-" "Mozilla/5.0 (compatible; ScoutJet; +http://www.scoutjet.com/)"
66.249.66.156 - - [24/Feb/2012:05:55:49 +0100] "GET /site/cob__33426/currentpage__11/6589/default.aspx HTTP/1.1" 404 1547 "-" "Mozilla/5.0 (compatible; Googlebot/2.1; +http://www.google.com/bot.html)"
208.115.111.67 - - [24/Feb/2012:05:58:40 +0100] "GET /site/3867/inhalt/rundgang HTTP/1.1" 200 14919 "-" "Mozilla/5.0 (compatible; Ezooms/1.0; ezooms.bot@gmail.com)"
208.115.111.67 - - [24/Feb/2012:05:58:52 +0100] "GET /site/4075/inhalt/artikel/106/ HTTP/1.1" 200 14967 "-" "Mozilla/5.0 (compatible; Ezooms/1.0; ezooms.bot@gmail.com)"
208.115.111.67 - - [24/Feb/2012:05:59:04 +0100] "GET /site/4076/default.aspx HTTP/1.1" 200 14883 "-" "Mozilla/5.0 (compatible; Ezooms/1.0; ezooms.bot@gmail.com)"
208.115.111.67 - - [24/Feb/2012:05:59:16 +0100] "GET /site/4103/inhalt/artikel/120/Freiwilligengesetz_bringt_mehr_Unterstuetzung_fuer_ehrenamtliches_Engagement HTTP/1.1" 200 15879 "-" "Mozilla/5.0 (compatible; Ezooms/1.0; ezooms.bot@gmail.com)"
66.249.66.156 - - [24/Feb/2012:05:59:18 +0100] "GET / HTTP/1.1" 200 4878 "-" "Mozilla/5.0 (compatible; Googlebot/2.1; +http://www.google.com/bot.html)"
208.115.111.67 - - [24/Feb/2012:05:59:31 +0100] "GET /site/4133/artikel/101/aktuelles HTTP/1.1" 200 14991 "-" "Mozilla/5.0 (compatible; Ezooms/1.0; ezooms.bot@gmail.com)"
208.115.111.67 - - [24/Feb/2012:05:59:43 +0100] "GET /site/4161/inhalt/newsletteranmeldung HTTP/1.1" 200 15051 "-" "Mozilla/5.0 (compatible; Ezooms/1.0; ezooms.bot@gmail.com)"
208.115.111.67 - - [24/Feb/2012:06:00:05 +0100] "GET /site/4185/artikel/92/mediathek/1/gallery HTTP/1.1" 200 15099 "-" "Mozilla/5.0 (compatible; Ezooms/1.0; ezooms.bot@gmail.com)"
184.72.48.40 - - [24/Feb/2012:06:00:05 +0100] "GET / HTTP/1.1" 200 4878 "-" "Mozilla/5.0 (X11; U; Linux i686; en-US; rv:1.9.1.7) Gecko/20091221 Firefox/3.5.7 (.NET CLR 3.5.30729)"
208.115.111.67 - - [24/Feb/2012:06:00:18 +0100] "GET /site/4296/artikel/101/rss/articles.php HTTP/1.1" 200 15075 "-" "Mozilla/5.0 (compatible; Ezooms/1.0; ezooms.bot@gmail.com)"
208.115.111.67 - - [24/Feb/2012:06:00:39 +0100] "GET /site/4618/inhalt/impressum HTTP/1.1" 200 14931 "-" "Mozilla/5.0 (compatible; Ezooms/1.0; ezooms.bot@gmail.com)"
208.115.111.67 - - [24/Feb/2012:06:00:50 +0100] "GET /site/4624/artikel/101/artikel/106/ HTTP/1.1" 200 15027 "-" "Mozilla/5.0 (compatible; Ezooms/1.0; ezooms.bot@gmail.com)"
208.115.111.67 - - [24/Feb/2012:06:01:02 +0100] "GET /site/4739/artikel/87/index.php HTTP/1.1" 200 14979 "-" "Mozilla/5.0 (compatible; Ezooms/1.0; ezooms.bot@gmail.com)"
208.115.111.67 - - [24/Feb/2012:06:01:14 +0100] "GET /site/5102/artikel/101/aktuelles HTTP/1.1" 200 14991 "-" "Mozilla/5.0 (compatible; Ezooms/1.0; ezooms.bot@gmail.com)"
208.115.111.67 - - [24/Feb/2012:06:01:34 +0100] "GET /site/5141/artikel/106/ HTTP/1.1" 200 14883 "-" "Mozilla/5.0 (compatible; Ezooms/1.0; ezooms.bot@gmail.com)"
208.115.111.67 - - [24/Feb/2012:06:01:46 +0100] "GET /site/5250/inhalt/impressum HTTP/1.1" 200 14931 "-" "Mozilla/5.0 (compatible; Ezooms/1.0; ezooms.bot@gmail.com)"
208.115.111.67 - - [24/Feb/2012:06:01:58 +0100] "GET /site/5250/rss/articles.php HTTP/1.1" 200 14931 "-" "Mozilla/5.0 (compatible; Ezooms/1.0; ezooms.bot@gmail.com)"
208.115.111.67 - - [24/Feb/2012:06:02:10 +0100] "GET /site/5263/inhalt/impressum HTTP/1.1" 200 14931 "-" "Mozilla/5.0 (compatible; Ezooms/1.0; ezooms.bot@gmail.com)"
208.115.111.67 - - [24/Feb/2012:06:02:23 +0100] "GET /site/5274/inhalt/inhalt/rundgang HTTP/1.1" 200 15003 "-" "Mozilla/5.0 (compatible; Ezooms/1.0; ezooms.bot@gmail.com)"
208.115.111.67 - - [24/Feb/2012:06:02:37 +0100] "GET /site/5283/artikel/92/inhalt/geschichte HTTP/1.1" 200 15075 "-" "Mozilla/5.0 (compatible; Ezooms/1.0; ezooms.bot@gmail.com)"
208.115.111.67 - - [24/Feb/2012:06:02:49 +0100] "GET /site/5515/rss/articles.php HTTP/1.1" 200 14931 "-" "Mozilla/5.0 (compatible; Ezooms/1.0; ezooms.bot@gmail.com)"
208.115.111.67 - - [24/Feb/2012:06:03:03 +0100] "GET /site/5545/inhalt/inhalt/hilfe HTTP/1.1" 200 14967 "-" "Mozilla/5.0 (compatible; Ezooms/1.0; ezooms.bot@gmail.com)"
208.115.111.67 - - [24/Feb/2012:06:03:25 +0100] "GET /site/5555/artikel/92/inhalt/bundeskanzler HTTP/1.1" 200 15111 "-" "Mozilla/5.0 (compatible; Ezooms/1.0; ezooms.bot@gmail.com)"
208.115.111.67 - - [24/Feb/2012:06:03:44 +0100] "GET /site/5566/inhalt/rundgang HTTP/1.1" 200 14919 "-" "Mozilla/5.0 (compatible; Ezooms/1.0; ezooms.bot@gmail.com)"
208.115.111.67 - - [24/Feb/2012:06:03:57 +0100] "GET /site/5582/inhalt/mediathek/1/gallery HTTP/1.1" 200 15051 "-" "Mozilla/5.0 (compatible; Ezooms/1.0; ezooms.bot@gmail.com)"
208.115.111.67 - - [24/Feb/2012:06:04:10 +0100] "GET /site/5721/mediathek/1/inhalt/hilfe HTTP/1.1" 200 15027 "-" "Mozilla/5.0 (compatible; Ezooms/1.0; ezooms.bot@gmail.com)"
208.115.111.67 - - [24/Feb/2012:06:04:39 +0100] "GET /site/5871/inhalt/inhalt/geschichte HTTP/1.1" 200 15027 "-" "Mozilla/5.0 (compatible; Ezooms/1.0; ezooms.bot@gmail.com)"
208.115.111.67 - - [24/Feb/2012:06:04:53 +0100] "GET /site/5888/inhalt/kontakt HTTP/1.1" 200 14907 "-" "Mozilla/5.0 (compatible; Ezooms/1.0; ezooms.bot@gmail.com)"
208.115.111.67 - - [24/Feb/2012:06:05:04 +0100] "GET /site/5897/mediathek/1/inhalt/geschichte HTTP/1.1" 200 15087 "-" "Mozilla/5.0 (compatible; Ezooms/1.0; ezooms.bot@gmail.com)"
208.115.111.67 - - [24/Feb/2012:06:05:23 +0100] "GET /site/6094/newsletteranmeldung HTTP/1.1" 200 14967 "-" "Mozilla/5.0 (compatible; Ezooms/1.0; ezooms.bot@gmail.com)"
208.115.111.67 - - [24/Feb/2012:06:05:35 +0100] "GET /site/6471/kontakt HTTP/1.1" 200 14823 "-" "Mozilla/5.0 (compatible; Ezooms/1.0; ezooms.bot@gmail.com)"
74.125.16.152 - - [24/Feb/2012:06:05:50 +0100] "GET /rss/articles.php HTTP/1.1" 200 6663 "-" "Feedfetcher-Google; (+http://www.google.com/feedfetcher.html; feed-id=13166160772161810092)"
208.115.111.67 - - [24/Feb/2012:06:05:48 +0100] "GET /site/6637/aktuelles HTTP/1.1" 200 14847 "-" "Mozilla/5.0 (compatible; Ezooms/1.0; ezooms.bot@gmail.com)"
208.115.111.67 - - [24/Feb/2012:06:05:59 +0100] "GET /DocView.axd?CobId=30815 HTTP/1.1" 404 4438 "-" "Mozilla/5.0 (compatible; Ezooms/1.0; ezooms.bot@gmail.com)"
208.115.111.67 - - [24/Feb/2012:06:06:00 +0100] "GET /DocView.axd?CobId=31843 HTTP/1.1" 404 4438 "-" "Mozilla/5.0 (compatible; Ezooms/1.0; ezooms.bot@gmail.com)"
208.115.111.67 - - [24/Feb/2012:06:06:01 +0100] "GET /DocView.axd?CobId=5002 HTTP/1.1" 404 4438 "-" "Mozilla/5.0 (compatible; Ezooms/1.0; ezooms.bot@gmail.com)"
208.115.111.67 - - [24/Feb/2012:06:06:02 +0100] "GET /site/3355/artikel/101/mediathek/1/gallery HTTP/1.1" 200 15111 "-" "Mozilla/5.0 (compatible; Ezooms/1.0; ezooms.bot@gmail.com)"
208.115.111.67 - - [24/Feb/2012:06:06:02 +0100] "GET /site/3387/default.aspx HTTP/1.1" 200 14883 "-" "Mozilla/5.0 (compatible; Ezooms/1.0; ezooms.bot@gmail.com)"
208.115.111.67 - - [24/Feb/2012:06:06:03 +0100] "GET /site/3428/inhalt/inhalt/geschichte HTTP/1.1" 200 15027 "-" "Mozilla/5.0 (compatible; Ezooms/1.0; ezooms.bot@gmail.com)"
208.115.111.67 - - [24/Feb/2012:06:06:13 +0100] "GET /site/3463/rss/articles.php HTTP/1.1" 200 14931 "-" "Mozilla/5.0 (compatible; Ezooms/1.0; ezooms.bot@gmail.com)"
208.115.111.67 - - [24/Feb/2012:06:06:30 +0100] "GET /site/3465/default.aspx HTTP/1.1" 200 14883 "-" "Mozilla/5.0 (compatible; Ezooms/1.0; ezooms.bot@gmail.com)"
208.115.111.67 - - [24/Feb/2012:06:06:42 +0100] "GET /site/3490/inhalt/appinfo HTTP/1.1" 200 14907 "-" "Mozilla/5.0 (compatible; Ezooms/1.0; ezooms.bot@gmail.com)"
50.19.152.219 - - [24/Feb/2012:06:06:53 +0100] "HEAD / HTTP/1.1" 200 172 "-" "Mozilla/4.0 (compatible; MSIE 8.0; Windows NT 5.1; Trident/4.0; GTB6.4)"
50.19.152.219 - - [24/Feb/2012:06:06:53 +0100] "HEAD /inhalt/appinfo HTTP/1.1" 200 172 "-" "Mozilla/4.0 (compatible; MSIE 8.0; Windows NT 5.1; Trident/4.0; GTB6.4)"
50.19.152.219 - - [24/Feb/2012:06:06:54 +0100] "HEAD /aktuelles HTTP/1.1" 200 172 "-" "Mozilla/4.0 (compatible; MSIE 8.0; Windows NT 5.1; Trident/4.0; GTB6.4)"
208.115.111.67 - - [24/Feb/2012:06:06:57 +0100] "GET /site/3512/mediathek/1/index.php HTTP/1.1" 200 14991 "-" "Mozilla/5.0 (compatible; Ezooms/1.0; ezooms.bot@gmail.com)"
208.115.111.67 - - [24/Feb/2012:06:07:11 +0100] "GET /site/3574/rss/articles.php HTTP/1.1" 200 14931 "-" "Mozilla/5.0 (compatible; Ezooms/1.0; ezooms.bot@gmail.com)"
208.115.111.67 - - [24/Feb/2012:06:07:24 +0100] "GET /site/3865/inhalt/kontakt HTTP/1.1" 200 14907 "-" "Mozilla/5.0 (compatible; Ezooms/1.0; ezooms.bot@gmail.com)"
208.115.111.67 - - [24/Feb/2012:06:07:41 +0100] "GET /site/3865/inhalt/newsletteranmeldung HTTP/1.1" 200 15051 "-" "Mozilla/5.0 (compatible; Ezooms/1.0; ezooms.bot@gmail.com)"
208.115.111.67 - - [24/Feb/2012:06:07:57 +0100] "GET /site/6658/artikel/116/Ein_klares_Ja_zu_einem_gemeinsamen_Europa HTTP/1.1" 200 15375 "-" "Mozilla/5.0 (compatible; Ezooms/1.0; ezooms.bot@gmail.com)"
66.249.66.156 - - [24/Feb/2012:06:08:33 +0100] "GET /site/cob__30848/currentpage__5/5910/default.aspx HTTP/1.1" 404 1547 "-" "Mozilla/5.0 (compatible; Googlebot/2.1; +http://www.google.com/bot.html)"
124.115.6.11 - - [24/Feb/2012:06:14:24 +0100] "GET /robots.txt HTTP/1.1" 200 571 "-" "Sosospider+(+http://help.soso.com/webspider.htm)"
173.208.241.226 - - [24/Feb/2012:06:16:02 +0100] "GET /robots.txt HTTP/1.0" 200 987 "-" "Mozilla/5.0 (compatible; MJ12bot/v1.4.2; http://www.majestic12.co.uk/bot.php?+)"
173.208.241.226 - - [24/Feb/2012:06:16:03 +0100] "GET /robots.txt HTTP/1.0" 200 987 "-" "Mozilla/5.0 (compatible; MJ12bot/v1.4.2; http://www.majestic12.co.uk/bot.php?+)"
173.208.241.226 - - [24/Feb/2012:06:18:02 +0100] "GET / HTTP/1.0" 200 14603 "-" "Mozilla/5.0 (compatible; MJ12bot/v1.4.2; http://www.majestic12.co.uk/bot.php?+)"
173.208.241.226 - - [24/Feb/2012:06:18:02 +0100] "GET / HTTP/1.0" 200 14603 "-" "Mozilla/5.0 (compatible; MJ12bot/v1.4.2; http://www.majestic12.co.uk/bot.php?+)"
72.14.199.250 - - [24/Feb/2012:06:20:01 +0100] "GET /rss/articles.php HTTP/1.1" 200 6720 "-" "Feedfetcher-Google; (+http://www.google.com/feedfetcher.html; 3 subscribers; feed-id=13166160772161810092)"
184.72.48.40 - - [24/Feb/2012:06:20:05 +0100] "GET / HTTP/1.1" 200 4878 "-" "Mozilla/5.0 (X11; U; Linux i686; en-US; rv:1.9.1.7) Gecko/20091221 Firefox/3.5.7 (.NET CLR 3.5.30729)"
220.181.108.114 - - [24/Feb/2012:06:29:53 +0100] "GET /aktuelles HTTP/1.1" 200 3881 "-" "Mozilla/5.0 (compatible; Baiduspider/2.0; +http://www.baidu.com/search/spider.html)"
66.249.66.156 - - [24/Feb/2012:06:33:48 +0100] "GET /site/cob__30984/currentpage__5/5910/default.aspx HTTP/1.1" 404 1547 "-" "Mozilla/5.0 (compatible; Googlebot/2.1; +http://www.google.com/bot.html)"
184.72.48.40 - - [24/Feb/2012:06:40:05 +0100] "GET / HTTP/1.1" 200 4878 "-" "Mozilla/5.0 (X11; U; Linux i686; en-US; rv:1.9.1.7) Gecko/20091221 Firefox/3.5.7 (.NET CLR 3.5.30729)"
188.165.248.204 - - [24/Feb/2012:06:42:08 +0100] "GET /robots.txt HTTP/1.0" 200 987 "-" "Mozilla/5.0 (compatible; MJ12bot/v1.4.2; http://www.majestic12.co.uk/bot.php?+)"
188.165.248.204 - - [24/Feb/2012:06:42:13 +0100] "GET / HTTP/1.0" 200 4840 "-" "Mozilla/5.0 (compatible; MJ12bot/v1.4.2; http://www.majestic12.co.uk/bot.php?+)"
66.249.66.156 - - [24/Feb/2012:06:45:16 +0100] "GET / HTTP/1.1" 302 348 "-" "Mozilla/5.0 (iPhone; U; CPU iPhone OS 4_1 like Mac OS X; en-us) AppleWebKit/532.9 (KHTML, like Gecko) Version/4.0.5 Mobile/8B117 Safari/6531.22.7 (compatible; Googlebot-Mobile/2.1; +http://www.google.com/bot.html)"
66.249.72.244 - - [24/Feb/2012:06:46:39 +0100] "GET /site/cob__31009/currentpage__5/5910/default.aspx HTTP/1.1" 404 1547 "-" "Mozilla/5.0 (compatible; Googlebot/2.1; +http://www.google.com/bot.html)"
178.191.235.153 - - [24/Feb/2012:06:48:13 +0100] "GET / HTTP/1.1" 200 4878 "http://www.austria.gv.at/site/3331/default.aspx" "Mozilla/5.0 (Windows NT 6.1; WOW64; rv:8.0.1) Gecko/20100101 Firefox/8.0.1"
66.249.72.244 - - [24/Feb/2012:06:59:11 +0100] "GET /site/cob__31078/currentpage__4/5910/default.aspx HTTP/1.1" 404 1547 "-" "Mozilla/5.0 (compatible; Googlebot/2.1; +http://www.google.com/bot.html)"
184.72.48.40 - - [24/Feb/2012:07:00:05 +0100] "GET / HTTP/1.1" 200 4878 "-" "Mozilla/5.0 (X11; U; Linux i686; en-US; rv:1.9.1.7) Gecko/20091221 Firefox/3.5.7 (.NET CLR 3.5.30729)"
46.206.201.12 - - [24/Feb/2012:07:04:55 +0100] "GET /facebooktab/foto_faymann.jpg HTTP/1.1" 200 12543 "http://203606296379591.iframehost.com/330684?signed_request=YD7Yq6ptW8T-4DtiZH4jmLCsmP85BHEnONfBCGmqWc4.eyJhbGdvcml0aG0iOiJITUFDLVNIQTI1NiIsImFwcF9kYXRhIjoiZGx0IiwiaXNzdWVkX2F0IjoxMzMwMDYzMzQ1LCJwYWdlIjp7ImlkIjoiMjEwMDI0NDEyMzk2MzYyIiwibGlrZWQiOmZhbHNlLCJhZG1pbiI6ZmFsc2V9LCJ1c2VyIjp7ImNvdW50cnkiOiJhdCIsImxvY2FsZSI6ImRlX0RFIiwiYWdlIjp7Im1pbiI6MCwibWF4IjoxMn19fQ" "Mozilla/4.0 (compatible; MSIE 8.0; Windows NT 5.1; Trident/4.0; SIMBAR={EDD34418-722A-4FEA-A430-254B90F6FD91}; .NET CLR 1.1.4322; .NET CLR 2.0.50727; .NET CLR 3.0.4506.2152; .NET CLR 3.5.30729; InfoPath.2)"
46.206.201.12 - - [24/Feb/2012:07:04:55 +0100] "GET /facebooktab/button_website.png HTTP/1.1" 200 2329 "http://203606296379591.iframehost.com/330684?signed_request=YD7Yq6ptW8T-4DtiZH4jmLCsmP85BHEnONfBCGmqWc4.eyJhbGdvcml0aG0iOiJITUFDLVNIQTI1NiIsImFwcF9kYXRhIjoiZGx0IiwiaXNzdWVkX2F0IjoxMzMwMDYzMzQ1LCJwYWdlIjp7ImlkIjoiMjEwMDI0NDEyMzk2MzYyIiwibGlrZWQiOmZhbHNlLCJhZG1pbiI6ZmFsc2V9LCJ1c2VyIjp7ImNvdW50cnkiOiJhdCIsImxvY2FsZSI6ImRlX0RFIiwiYWdlIjp7Im1pbiI6MCwibWF4IjoxMn19fQ" "Mozilla/4.0 (compatible; MSIE 8.0; Windows NT 5.1; Trident/4.0; SIMBAR={EDD34418-722A-4FEA-A430-254B90F6FD91}; .NET CLR 1.1.4322; .NET CLR 2.0.50727; .NET CLR 3.0.4506.2152; .NET CLR 3.5.30729; InfoPath.2)"
46.206.201.12 - - [24/Feb/2012:07:04:55 +0100] "GET /facebooktab/app_qrcode.png HTTP/1.1" 200 1832 "http://203606296379591.iframehost.com/330684?signed_request=YD7Yq6ptW8T-4DtiZH4jmLCsmP85BHEnONfBCGmqWc4.eyJhbGdvcml0aG0iOiJITUFDLVNIQTI1NiIsImFwcF9kYXRhIjoiZGx0IiwiaXNzdWVkX2F0IjoxMzMwMDYzMzQ1LCJwYWdlIjp7ImlkIjoiMjEwMDI0NDEyMzk2MzYyIiwibGlrZWQiOmZhbHNlLCJhZG1pbiI6ZmFsc2V9LCJ1c2VyIjp7ImNvdW50cnkiOiJhdCIsImxvY2FsZSI6ImRlX0RFIiwiYWdlIjp7Im1pbiI6MCwibWF4IjoxMn19fQ" "Mozilla/4.0 (compatible; MSIE 8.0; Windows NT 5.1; Trident/4.0; SIMBAR={EDD34418-722A-4FEA-A430-254B90F6FD91}; .NET CLR 1.1.4322; .NET CLR 2.0.50727; .NET CLR 3.0.4506.2152; .NET CLR 3.5.30729; InfoPath.2)"
46.206.201.12 - - [24/Feb/2012:07:04:55 +0100] "GET /facebooktab/menu_app.png HTTP/1.1" 200 4567 "http://203606296379591.iframehost.com/330684?signed_request=YD7Yq6ptW8T-4DtiZH4jmLCsmP85BHEnONfBCGmqWc4.eyJhbGdvcml0aG0iOiJITUFDLVNIQTI1NiIsImFwcF9kYXRhIjoiZGx0IiwiaXNzdWVkX2F0IjoxMzMwMDYzMzQ1LCJwYWdlIjp7ImlkIjoiMjEwMDI0NDEyMzk2MzYyIiwibGlrZWQiOmZhbHNlLCJhZG1pbiI6ZmFsc2V9LCJ1c2VyIjp7ImNvdW50cnkiOiJhdCIsImxvY2FsZSI6ImRlX0RFIiwiYWdlIjp7Im1pbiI6MCwibWF4IjoxMn19fQ" "Mozilla/4.0 (compatible; MSIE 8.0; Windows NT 5.1; Trident/4.0; SIMBAR={EDD34418-722A-4FEA-A430-254B90F6FD91}; .NET CLR 1.1.4322; .NET CLR 2.0.50727; .NET CLR 3.0.4506.2152; .NET CLR 3.5.30729; InfoPath.2)"
46.206.201.12 - - [24/Feb/2012:07:04:56 +0100] "GET /facebooktab/menu_website.png HTTP/1.1" 200 5369 "http://203606296379591.iframehost.com/330684?signed_request=YD7Yq6ptW8T-4DtiZH4jmLCsmP85BHEnONfBCGmqWc4.eyJhbGdvcml0aG0iOiJITUFDLVNIQTI1NiIsImFwcF9kYXRhIjoiZGx0IiwiaXNzdWVkX2F0IjoxMzMwMDYzMzQ1LCJwYWdlIjp7ImlkIjoiMjEwMDI0NDEyMzk2MzYyIiwibGlrZWQiOmZhbHNlLCJhZG1pbiI6ZmFsc2V9LCJ1c2VyIjp7ImNvdW50cnkiOiJhdCIsImxvY2FsZSI6ImRlX0RFIiwiYWdlIjp7Im1pbiI6MCwibWF4IjoxMn19fQ" "Mozilla/4.0 (compatible; MSIE 8.0; Windows NT 5.1; Trident/4.0; SIMBAR={EDD34418-722A-4FEA-A430-254B90F6FD91}; .NET CLR 1.1.4322; .NET CLR 2.0.50727; .NET CLR 3.0.4506.2152; .NET CLR 3.5.30729; InfoPath.2)"
46.206.201.12 - - [24/Feb/2012:07:04:56 +0100] "GET /facebooktab/button_androidmarket.png HTTP/1.1" 200 1480 "http://203606296379591.iframehost.com/330684?signed_request=YD7Yq6ptW8T-4DtiZH4jmLCsmP85BHEnONfBCGmqWc4.eyJhbGdvcml0aG0iOiJITUFDLVNIQTI1NiIsImFwcF9kYXRhIjoiZGx0IiwiaXNzdWVkX2F0IjoxMzMwMDYzMzQ1LCJwYWdlIjp7ImlkIjoiMjEwMDI0NDEyMzk2MzYyIiwibGlrZWQiOmZhbHNlLCJhZG1pbiI6ZmFsc2V9LCJ1c2VyIjp7ImNvdW50cnkiOiJhdCIsImxvY2FsZSI6ImRlX0RFIiwiYWdlIjp7Im1pbiI6MCwibWF4IjoxMn19fQ" "Mozilla/4.0 (compatible; MSIE 8.0; Windows NT 5.1; Trident/4.0; SIMBAR={EDD34418-722A-4FEA-A430-254B90F6FD91}; .NET CLR 1.1.4322; .NET CLR 2.0.50727; .NET CLR 3.0.4506.2152; .NET CLR 3.5.30729; InfoPath.2)"
46.206.201.12 - - [24/Feb/2012:07:04:56 +0100] "GET /facebooktab/button_appstore.png HTTP/1.1" 200 1476 "http://203606296379591.iframehost.com/330684?signed_request=YD7Yq6ptW8T-4DtiZH4jmLCsmP85BHEnONfBCGmqWc4.eyJhbGdvcml0aG0iOiJITUFDLVNIQTI1NiIsImFwcF9kYXRhIjoiZGx0IiwiaXNzdWVkX2F0IjoxMzMwMDYzMzQ1LCJwYWdlIjp7ImlkIjoiMjEwMDI0NDEyMzk2MzYyIiwibGlrZWQiOmZhbHNlLCJhZG1pbiI6ZmFsc2V9LCJ1c2VyIjp7ImNvdW50cnkiOiJhdCIsImxvY2FsZSI6ImRlX0RFIiwiYWdlIjp7Im1pbiI6MCwibWF4IjoxMn19fQ" "Mozilla/4.0 (compatible; MSIE 8.0; Windows NT 5.1; Trident/4.0; SIMBAR={EDD34418-722A-4FEA-A430-254B90F6FD91}; .NET CLR 1.1.4322; .NET CLR 2.0.50727; .NET CLR 3.0.4506.2152; .NET CLR 3.5.30729; InfoPath.2)"
46.206.201.12 - - [24/Feb/2012:07:04:56 +0100] "GET /facebooktab/menu_rundgang.png HTTP/1.1" 200 5796 "http://203606296379591.iframehost.com/330684?signed_request=YD7Yq6ptW8T-4DtiZH4jmLCsmP85BHEnONfBCGmqWc4.eyJhbGdvcml0aG0iOiJITUFDLVNIQTI1NiIsImFwcF9kYXRhIjoiZGx0IiwiaXNzdWVkX2F0IjoxMzMwMDYzMzQ1LCJwYWdlIjp7ImlkIjoiMjEwMDI0NDEyMzk2MzYyIiwibGlrZWQiOmZhbHNlLCJhZG1pbiI6ZmFsc2V9LCJ1c2VyIjp7ImNvdW50cnkiOiJhdCIsImxvY2FsZSI6ImRlX0RFIiwiYWdlIjp7Im1pbiI6MCwibWF4IjoxMn19fQ" "Mozilla/4.0 (compatible; MSIE 8.0; Windows NT 5.1; Trident/4.0; SIMBAR={EDD34418-722A-4FEA-A430-254B90F6FD91}; .NET CLR 1.1.4322; .NET CLR 2.0.50727; .NET CLR 3.0.4506.2152; .NET CLR 3.5.30729; InfoPath.2)"
46.206.201.12 - - [24/Feb/2012:07:04:56 +0100] "GET /facebooktab/button_quizz2.png HTTP/1.1" 200 22714 "http://203606296379591.iframehost.com/330684?signed_request=YD7Yq6ptW8T-4DtiZH4jmLCsmP85BHEnONfBCGmqWc4.eyJhbGdvcml0aG0iOiJITUFDLVNIQTI1NiIsImFwcF9kYXRhIjoiZGx0IiwiaXNzdWVkX2F0IjoxMzMwMDYzMzQ1LCJwYWdlIjp7ImlkIjoiMjEwMDI0NDEyMzk2MzYyIiwibGlrZWQiOmZhbHNlLCJhZG1pbiI6ZmFsc2V9LCJ1c2VyIjp7ImNvdW50cnkiOiJhdCIsImxvY2FsZSI6ImRlX0RFIiwiYWdlIjp7Im1pbiI6MCwibWF4IjoxMn19fQ" "Mozilla/4.0 (compatible; MSIE 8.0; Windows NT 5.1; Trident/4.0; SIMBAR={EDD34418-722A-4FEA-A430-254B90F6FD91}; .NET CLR 1.1.4322; .NET CLR 2.0.50727; .NET CLR 3.0.4506.2152; .NET CLR 3.5.30729; InfoPath.2)"
46.206.201.12 - - [24/Feb/2012:07:04:56 +0100] "GET /facebooktab/button_starten.png HTTP/1.1" 200 2112 "http://203606296379591.iframehost.com/330684?signed_request=YD7Yq6ptW8T-4DtiZH4jmLCsmP85BHEnONfBCGmqWc4.eyJhbGdvcml0aG0iOiJITUFDLVNIQTI1NiIsImFwcF9kYXRhIjoiZGx0IiwiaXNzdWVkX2F0IjoxMzMwMDYzMzQ1LCJwYWdlIjp7ImlkIjoiMjEwMDI0NDEyMzk2MzYyIiwibGlrZWQiOmZhbHNlLCJhZG1pbiI6ZmFsc2V9LCJ1c2VyIjp7ImNvdW50cnkiOiJhdCIsImxvY2FsZSI6ImRlX0RFIiwiYWdlIjp7Im1pbiI6MCwibWF4IjoxMn19fQ" "Mozilla/4.0 (compatible; MSIE 8.0; Windows NT 5.1; Trident/4.0; SIMBAR={EDD34418-722A-4FEA-A430-254B90F6FD91}; .NET CLR 1.1.4322; .NET CLR 2.0.50727; .NET CLR 3.0.4506.2152; .NET CLR 3.5.30729; InfoPath.2)"
46.206.201.12 - - [24/Feb/2012:07:04:56 +0100] "GET /facebooktab/button_fotos.png HTTP/1.1" 200 5160 "http://203606296379591.iframehost.com/330684?signed_request=YD7Yq6ptW8T-4DtiZH4jmLCsmP85BHEnONfBCGmqWc4.eyJhbGdvcml0aG0iOiJITUFDLVNIQTI1NiIsImFwcF9kYXRhIjoiZGx0IiwiaXNzdWVkX2F0IjoxMzMwMDYzMzQ1LCJwYWdlIjp7ImlkIjoiMjEwMDI0NDEyMzk2MzYyIiwibGlrZWQiOmZhbHNlLCJhZG1pbiI6ZmFsc2V9LCJ1c2VyIjp7ImNvdW50cnkiOiJhdCIsImxvY2FsZSI6ImRlX0RFIiwiYWdlIjp7Im1pbiI6MCwibWF4IjoxMn19fQ" "Mozilla/4.0 (compatible; MSIE 8.0; Windows NT 5.1; Trident/4.0; SIMBAR={EDD34418-722A-4FEA-A430-254B90F6FD91}; .NET CLR 1.1.4322; .NET CLR 2.0.50727; .NET CLR 3.0.4506.2152; .NET CLR 3.5.30729; InfoPath.2)"
46.206.201.12 - - [24/Feb/2012:07:04:55 +0100] "GET /facebooktab/foto_unterschrift.png HTTP/1.1" 200 12939 "http://203606296379591.iframehost.com/330684?signed_request=YD7Yq6ptW8T-4DtiZH4jmLCsmP85BHEnONfBCGmqWc4.eyJhbGdvcml0aG0iOiJITUFDLVNIQTI1NiIsImFwcF9kYXRhIjoiZGx0IiwiaXNzdWVkX2F0IjoxMzMwMDYzMzQ1LCJwYWdlIjp7ImlkIjoiMjEwMDI0NDEyMzk2MzYyIiwibGlrZWQiOmZhbHNlLCJhZG1pbiI6ZmFsc2V9LCJ1c2VyIjp7ImNvdW50cnkiOiJhdCIsImxvY2FsZSI6ImRlX0RFIiwiYWdlIjp7Im1pbiI6MCwibWF4IjoxMn19fQ" "Mozilla/4.0 (compatible; MSIE 8.0; Windows NT 5.1; Trident/4.0; SIMBAR={EDD34418-722A-4FEA-A430-254B90F6FD91}; .NET CLR 1.1.4322; .NET CLR 2.0.50727; .NET CLR 3.0.4506.2152; .NET CLR 3.5.30729; InfoPath.2)"
46.206.201.12 - - [24/Feb/2012:07:04:56 +0100] "GET /facebooktab/foto_app2.png HTTP/1.1" 200 17856 "http://203606296379591.iframehost.com/330684?signed_request=YD7Yq6ptW8T-4DtiZH4jmLCsmP85BHEnONfBCGmqWc4.eyJhbGdvcml0aG0iOiJITUFDLVNIQTI1NiIsImFwcF9kYXRhIjoiZGx0IiwiaXNzdWVkX2F0IjoxMzMwMDYzMzQ1LCJwYWdlIjp7ImlkIjoiMjEwMDI0NDEyMzk2MzYyIiwibGlrZWQiOmZhbHNlLCJhZG1pbiI6ZmFsc2V9LCJ1c2VyIjp7ImNvdW50cnkiOiJhdCIsImxvY2FsZSI6ImRlX0RFIiwiYWdlIjp7Im1pbiI6MCwibWF4IjoxMn19fQ" "Mozilla/4.0 (compatible; MSIE 8.0; Windows NT 5.1; Trident/4.0; SIMBAR={EDD34418-722A-4FEA-A430-254B90F6FD91}; .NET CLR 1.1.4322; .NET CLR 2.0.50727; .NET CLR 3.0.4506.2152; .NET CLR 3.5.30729; InfoPath.2)"
46.206.201.12 - - [24/Feb/2012:07:04:56 +0100] "GET /facebooktab/fotos-rest_22.png HTTP/1.1" 200 24532 "http://203606296379591.iframehost.com/330684?signed_request=YD7Yq6ptW8T-4DtiZH4jmLCsmP85BHEnONfBCGmqWc4.eyJhbGdvcml0aG0iOiJITUFDLVNIQTI1NiIsImFwcF9kYXRhIjoiZGx0IiwiaXNzdWVkX2F0IjoxMzMwMDYzMzQ1LCJwYWdlIjp7ImlkIjoiMjEwMDI0NDEyMzk2MzYyIiwibGlrZWQiOmZhbHNlLCJhZG1pbiI6ZmFsc2V9LCJ1c2VyIjp7ImNvdW50cnkiOiJhdCIsImxvY2FsZSI6ImRlX0RFIiwiYWdlIjp7Im1pbiI6MCwibWF4IjoxMn19fQ" "Mozilla/4.0 (compatible; MSIE 8.0; Windows NT 5.1; Trident/4.0; SIMBAR={EDD34418-722A-4FEA-A430-254B90F6FD91}; .NET CLR 1.1.4322; .NET CLR 2.0.50727; .NET CLR 3.0.4506.2152; .NET CLR 3.5.30729; InfoPath.2)"
46.206.201.12 - - [24/Feb/2012:07:04:56 +0100] "GET /facebooktab/button_galerie.png HTTP/1.1" 200 2397 "http://203606296379591.iframehost.com/330684?signed_request=YD7Yq6ptW8T-4DtiZH4jmLCsmP85BHEnONfBCGmqWc4.eyJhbGdvcml0aG0iOiJITUFDLVNIQTI1NiIsImFwcF9kYXRhIjoiZGx0IiwiaXNzdWVkX2F0IjoxMzMwMDYzMzQ1LCJwYWdlIjp7ImlkIjoiMjEwMDI0NDEyMzk2MzYyIiwibGlrZWQiOmZhbHNlLCJhZG1pbiI6ZmFsc2V9LCJ1c2VyIjp7ImNvdW50cnkiOiJhdCIsImxvY2FsZSI6ImRlX0RFIiwiYWdlIjp7Im1pbiI6MCwibWF4IjoxMn19fQ" "Mozilla/4.0 (compatible; MSIE 8.0; Windows NT 5.1; Trident/4.0; SIMBAR={EDD34418-722A-4FEA-A430-254B90F6FD91}; .NET CLR 1.1.4322; .NET CLR 2.0.50727; .NET CLR 3.0.4506.2152; .NET CLR 3.5.30729; InfoPath.2)"
46.206.201.12 - - [24/Feb/2012:07:04:56 +0100] "GET /facebooktab/fotos-rest_26.png HTTP/1.1" 200 18997 "http://203606296379591.iframehost.com/330684?signed_request=YD7Yq6ptW8T-4DtiZH4jmLCsmP85BHEnONfBCGmqWc4.eyJhbGdvcml0aG0iOiJITUFDLVNIQTI1NiIsImFwcF9kYXRhIjoiZGx0IiwiaXNzdWVkX2F0IjoxMzMwMDYzMzQ1LCJwYWdlIjp7ImlkIjoiMjEwMDI0NDEyMzk2MzYyIiwibGlrZWQiOmZhbHNlLCJhZG1pbiI6ZmFsc2V9LCJ1c2VyIjp7ImNvdW50cnkiOiJhdCIsImxvY2FsZSI6ImRlX0RFIiwiYWdlIjp7Im1pbiI6MCwibWF4IjoxMn19fQ" "Mozilla/4.0 (compatible; MSIE 8.0; Windows NT 5.1; Trident/4.0; SIMBAR={EDD34418-722A-4FEA-A430-254B90F6FD91}; .NET CLR 1.1.4322; .NET CLR 2.0.50727; .NET CLR 3.0.4506.2152; .NET CLR 3.5.30729; InfoPath.2)"
46.206.201.12 - - [24/Feb/2012:07:04:56 +0100] "GET /facebooktab/foto_rundgang.png HTTP/1.1" 200 16128 "http://203606296379591.iframehost.com/330684?signed_request=YD7Yq6ptW8T-4DtiZH4jmLCsmP85BHEnONfBCGmqWc4.eyJhbGdvcml0aG0iOiJITUFDLVNIQTI1NiIsImFwcF9kYXRhIjoiZGx0IiwiaXNzdWVkX2F0IjoxMzMwMDYzMzQ1LCJwYWdlIjp7ImlkIjoiMjEwMDI0NDEyMzk2MzYyIiwibGlrZWQiOmZhbHNlLCJhZG1pbiI6ZmFsc2V9LCJ1c2VyIjp7ImNvdW50cnkiOiJhdCIsImxvY2FsZSI6ImRlX0RFIiwiYWdlIjp7Im1pbiI6MCwibWF4IjoxMn19fQ" "Mozilla/4.0 (compatible; MSIE 8.0; Windows NT 5.1; Trident/4.0; SIMBAR={EDD34418-722A-4FEA-A430-254B90F6FD91}; .NET CLR 1.1.4322; .NET CLR 2.0.50727; .NET CLR 3.0.4506.2152; .NET CLR 3.5.30729; InfoPath.2)"
46.206.201.12 - - [24/Feb/2012:07:04:56 +0100] "GET /facebooktab/bg_landing.jpg HTTP/1.1" 200 49281 "http://203606296379591.iframehost.com/330684?signed_request=YD7Yq6ptW8T-4DtiZH4jmLCsmP85BHEnONfBCGmqWc4.eyJhbGdvcml0aG0iOiJITUFDLVNIQTI1NiIsImFwcF9kYXRhIjoiZGx0IiwiaXNzdWVkX2F0IjoxMzMwMDYzMzQ1LCJwYWdlIjp7ImlkIjoiMjEwMDI0NDEyMzk2MzYyIiwibGlrZWQiOmZhbHNlLCJhZG1pbiI6ZmFsc2V9LCJ1c2VyIjp7ImNvdW50cnkiOiJhdCIsImxvY2FsZSI6ImRlX0RFIiwiYWdlIjp7Im1pbiI6MCwibWF4IjoxMn19fQ" "Mozilla/4.0 (compatible; MSIE 8.0; Windows NT 5.1; Trident/4.0; SIMBAR={EDD34418-722A-4FEA-A430-254B90F6FD91}; .NET CLR 1.1.4322; .NET CLR 2.0.50727; .NET CLR 3.0.4506.2152; .NET CLR 3.5.30729; InfoPath.2)"
46.206.201.12 - - [24/Feb/2012:07:04:56 +0100] "GET /facebooktab/fotos-rest_24.png HTTP/1.1" 200 22094 "http://203606296379591.iframehost.com/330684?signed_request=YD7Yq6ptW8T-4DtiZH4jmLCsmP85BHEnONfBCGmqWc4.eyJhbGdvcml0aG0iOiJITUFDLVNIQTI1NiIsImFwcF9kYXRhIjoiZGx0IiwiaXNzdWVkX2F0IjoxMzMwMDYzMzQ1LCJwYWdlIjp7ImlkIjoiMjEwMDI0NDEyMzk2MzYyIiwibGlrZWQiOmZhbHNlLCJhZG1pbiI6ZmFsc2V9LCJ1c2VyIjp7ImNvdW50cnkiOiJhdCIsImxvY2FsZSI6ImRlX0RFIiwiYWdlIjp7Im1pbiI6MCwibWF4IjoxMn19fQ" "Mozilla/4.0 (compatible; MSIE 8.0; Windows NT 5.1; Trident/4.0; SIMBAR={EDD34418-722A-4FEA-A430-254B90F6FD91}; .NET CLR 1.1.4322; .NET CLR 2.0.50727; .NET CLR 3.0.4506.2152; .NET CLR 3.5.30729; InfoPath.2)"
83.215.174.66 - - [24/Feb/2012:07:05:31 +0100] "GET /facebooktab/foto_unterschrift.png HTTP/1.1" 200 12939 "-" "Mozilla/5.0 (compatible; MSIE 9.0; Windows NT 6.1; WOW64; Trident/5.0)"
83.215.174.66 - - [24/Feb/2012:07:05:31 +0100] "GET /facebooktab/menu_app.png HTTP/1.1" 200 4567 "-" "Mozilla/5.0 (compatible; MSIE 9.0; Windows NT 6.1; WOW64; Trident/5.0)"
83.215.174.66 - - [24/Feb/2012:07:05:31 +0100] "GET /facebooktab/app_qrcode.png HTTP/1.1" 200 1832 "-" "Mozilla/5.0 (compatible; MSIE 9.0; Windows NT 6.1; WOW64; Trident/5.0)"
83.215.174.66 - - [24/Feb/2012:07:05:31 +0100] "GET /facebooktab/button_website.png HTTP/1.1" 200 2329 "-" "Mozilla/5.0 (compatible; MSIE 9.0; Windows NT 6.1; WOW64; Trident/5.0)"
83.215.174.66 - - [24/Feb/2012:07:05:31 +0100] "GET /facebooktab/menu_website.png HTTP/1.1" 200 5369 "-" "Mozilla/5.0 (compatible; MSIE 9.0; Windows NT 6.1; WOW64; Trident/5.0)"
83.215.174.66 - - [24/Feb/2012:07:05:31 +0100] "GET /facebooktab/foto_faymann.jpg HTTP/1.1" 200 12543 "-" "Mozilla/5.0 (compatible; MSIE 9.0; Windows NT 6.1; WOW64; Trident/5.0)"
83.215.174.66 - - [24/Feb/2012:07:05:31 +0100] "GET /facebooktab/button_appstore.png HTTP/1.1" 200 1475 "-" "Mozilla/5.0 (compatible; MSIE 9.0; Windows NT 6.1; WOW64; Trident/5.0)"
83.215.174.66 - - [24/Feb/2012:07:05:31 +0100] "GET /facebooktab/button_androidmarket.png HTTP/1.1" 200 1479 "-" "Mozilla/5.0 (compatible; MSIE 9.0; Windows NT 6.1; WOW64; Trident/5.0)"
83.215.174.66 - - [24/Feb/2012:07:05:31 +0100] "GET /facebooktab/foto_app2.png HTTP/1.1" 200 17855 "-" "Mozilla/5.0 (compatible; MSIE 9.0; Windows NT 6.1; WOW64; Trident/5.0)"
83.215.174.66 - - [24/Feb/2012:07:05:31 +0100] "GET /facebooktab/menu_rundgang.png HTTP/1.1" 200 5796 "-" "Mozilla/5.0 (compatible; MSIE 9.0; Windows NT 6.1; WOW64; Trident/5.0)"
83.215.174.66 - - [24/Feb/2012:07:05:31 +0100] "GET /facebooktab/button_starten.png HTTP/1.1" 200 2112 "-" "Mozilla/5.0 (compatible; MSIE 9.0; Windows NT 6.1; WOW64; Trident/5.0)"
83.215.174.66 - - [24/Feb/2012:07:05:31 +0100] "GET /facebooktab/button_quizz2.png HTTP/1.1" 200 22714 "-" "Mozilla/5.0 (compatible; MSIE 9.0; Windows NT 6.1; WOW64; Trident/5.0)"
